Component: Arm Compiler for Embedded 6.24 Tool: armlink [5f371500]

==============================================================================

Section Cross References

    startup_stm32f042x6.o(STACK) refers (Special) to heapauxi.o(.text) for __use_two_region_memory
    startup_stm32f042x6.o(HEAP) refers (Special) to heapauxi.o(.text) for __use_two_region_memory
    startup_stm32f042x6.o(RESET) refers (Special) to heapauxi.o(.text) for __use_two_region_memory
    startup_stm32f042x6.o(RESET) refers to startup_stm32f042x6.o(STACK) for __initial_sp
    startup_stm32f042x6.o(RESET) refers to startup_stm32f042x6.o(.text) for Reset_Handler
    startup_stm32f042x6.o(RESET) refers to stm32f0xx_it.o(.text.NMI_Handler) for NMI_Handler
    startup_stm32f042x6.o(RESET) refers to stm32f0xx_it.o(.text.HardFault_Handler) for HardFault_Handler
    startup_stm32f042x6.o(RESET) refers to stm32f0xx_it.o(.text.SVC_Handler) for SVC_Handler
    startup_stm32f042x6.o(RESET) refers to stm32f0xx_it.o(.text.PendSV_Handler) for PendSV_Handler
    startup_stm32f042x6.o(RESET) refers to stm32f0xx_it.o(.text.SysTick_Handler) for SysTick_Handler
    startup_stm32f042x6.o(RESET) refers to stm32f0xx_it.o(.text.DMA1_Channel2_3_IRQHandler) for DMA1_Channel2_3_IRQHandler
    startup_stm32f042x6.o(RESET) refers to stm32f0xx_it.o(.text.DMA1_Channel4_5_IRQHandler) for DMA1_Channel4_5_IRQHandler
    startup_stm32f042x6.o(RESET) refers to stm32f0xx_it.o(.text.USART1_IRQHandler) for USART1_IRQHandler
    startup_stm32f042x6.o(RESET) refers to stm32f0xx_it.o(.text.USART2_IRQHandler) for USART2_IRQHandler
    startup_stm32f042x6.o(.text) refers (Special) to heapauxi.o(.text) for __use_two_region_memory
    startup_stm32f042x6.o(.text) refers to startup_stm32f042x6.o(STACK) for __initial_sp
    startup_stm32f042x6.o(.text) refers to system_stm32f0xx.o(.text.SystemInit) for SystemInit
    startup_stm32f042x6.o(.text) refers to __main.o(!!!main) for __main
    startup_stm32f042x6.o(.text) refers to startup_stm32f042x6.o(HEAP) for Heap_Mem
    main.o(.text.main) refers to stm32f0xx_hal.o(.text.HAL_Init) for HAL_Init
    main.o(.text.main) refers to main.o(.text.SystemClock_Config) for SystemClock_Config
    main.o(.text.main) refers to main.o(.text.MX_GPIO_Init) for MX_GPIO_Init
    main.o(.text.main) refers to main.o(.text.MX_DMA_Init) for MX_DMA_Init
    main.o(.text.main) refers to main.o(.text.MX_TIM1_Init) for MX_TIM1_Init
    main.o(.text.main) refers to main.o(.text.MX_TIM3_Init) for MX_TIM3_Init
    main.o(.text.main) refers to main.o(.text.MX_USART1_UART_Init) for MX_USART1_UART_Init
    main.o(.text.main) refers to main.o(.text.MX_USART2_UART_Init) for MX_USART2_UART_Init
    main.o(.text.main) refers to stm32f0xx_hal_tim.o(.text.HAL_TIM_PWM_Start) for HAL_TIM_PWM_Start
    main.o(.text.main) refers to stm32f0xx_hal_uart.o(.text.HAL_UART_Receive_DMA) for HAL_UART_Receive_DMA
    main.o(.text.main) refers to main.o(.bss.mode) for mode
    main.o(.text.main) refers to main.o(.bss.dir) for dir
    main.o(.text.main) refers to main.o(.bss.servo_pan_cnt_max) for servo_pan_cnt_max
    main.o(.text.main) refers to main.o(.bss.servo_tilt_cnt_max) for servo_tilt_cnt_max
    main.o(.text.main) refers to main.o(.bss.servo_pwm_pan) for servo_pwm_pan
    main.o(.text.main) refers to main.o(.bss.servo_pwm_tilt) for servo_pwm_tilt
    main.o(.text.main) refers to main.o(.bss.servo_sts_pan) for servo_sts_pan
    main.o(.text.main) refers to main.o(.bss.servo_sts_tilt) for servo_sts_tilt
    main.o(.text.main) refers to main.o(.bss.send1) for send1
    main.o(.text.main) refers to main.o(.bss.send2) for send2
    main.o(.text.main) refers to main.o(.bss.systick_cnt) for systick_cnt
    main.o(.text.main) refers to main.o(.bss.htim1) for htim1
    main.o(.text.main) refers to main.o(.bss.htim3) for htim3
    main.o(.text.main) refers to main.o(.bss.huart1) for huart1
    main.o(.text.main) refers to main.o(.bss.recv1) for recv1
    main.o(.text.main) refers to main.o(.bss.huart2) for huart2
    main.o(.text.main) refers to main.o(.bss.recv2) for recv2
    main.o(.ARM.exidx.text.main) refers to main.o(.text.main) for [Anonymous Symbol]
    main.o(.text.SystemClock_Config) refers to rt_memclr.o(.text) for __aeabi_memclr4
    main.o(.text.SystemClock_Config) refers to stm32f0xx_hal_rcc.o(.text.HAL_RCC_OscConfig) for HAL_RCC_OscConfig
    main.o(.text.SystemClock_Config) refers to main.o(.text.Error_Handler) for Error_Handler
    main.o(.text.SystemClock_Config) refers to stm32f0xx_hal_rcc.o(.text.HAL_RCC_ClockConfig) for HAL_RCC_ClockConfig
    main.o(.text.SystemClock_Config) refers to stm32f0xx_hal_rcc_ex.o(.text.HAL_RCCEx_PeriphCLKConfig) for HAL_RCCEx_PeriphCLKConfig
    main.o(.ARM.exidx.text.SystemClock_Config) refers to main.o(.text.SystemClock_Config) for [Anonymous Symbol]
    main.o(.text.MX_GPIO_Init) refers to stm32f0xx_hal_gpio.o(.text.HAL_GPIO_WritePin) for HAL_GPIO_WritePin
[...]
    .ARM.Collect$$libinit$$00000006          0x0800015a   Section        0  libinit2.o(.ARM.Collect$$libinit$$00000006)
    .ARM.Collect$$libinit$$0000000C          0x0800015a   Section        0  libinit2.o(.ARM.Collect$$libinit$$0000000C)
    .ARM.Collect$$libinit$$0000000E          0x0800015a   Section        0  libinit2.o(.ARM.Collect$$libinit$$0000000E)
    .ARM.Collect$$libinit$$00000010          0x0800015a   Section        0  libinit2.o(.ARM.Collect$$libinit$$00000010)
    .ARM.Collect$$libinit$$00000013          0x0800015a   Section        0  libinit2.o(.ARM.Collect$$libinit$$00000013)
    .ARM.Collect$$libinit$$00000015          0x0800015a   Section        0  libinit2.o(.ARM.Collect$$libinit$$00000015)
    .ARM.Collect$$libinit$$00000017          0x0800015a   Section        0  libinit2.o(.ARM.Collect$$libinit$$00000017)
    .ARM.Collect$$libinit$$00000019          0x0800015a   Section        0  libinit2.o(.ARM.Collect$$libinit$$00000019)
    .ARM.Collect$$libinit$$0000001B          0x0800015a   Section        0  libinit2.o(.ARM.Collect$$libinit$$0000001B)
    .ARM.Collect$$libinit$$0000001D          0x0800015a   Section        0  libinit2.o(.ARM.Collect$$libinit$$0000001D)
    .ARM.Collect$$libinit$$0000001F          0x0800015a   Section        0  libinit2.o(.ARM.Collect$$libinit$$0000001F)
    .ARM.Collect$$libinit$$00000021          0x0800015a   Section        0  libinit2.o(.ARM.Collect$$libinit$$00000021)
    .ARM.Collect$$libinit$$00000023          0x0800015a   Section        0  libinit2.o(.ARM.Collect$$libinit$$00000023)
    .ARM.Collect$$libinit$$00000025          0x0800015a   Section        0  libinit2.o(.ARM.Collect$$libinit$$00000025)
    .ARM.Collect$$libinit$$00000027          0x0800015a   Section        0  libinit2.o(.ARM.Collect$$libinit$$00000027)
    .ARM.Collect$$libinit$$0000002E          0x0800015a   Section        0  libinit2.o(.ARM.Collect$$libinit$$0000002E)
    .ARM.Collect$$libinit$$00000030          0x0800015a   Section        0  libinit2.o(.ARM.Collect$$libinit$$00000030)
    .ARM.Collect$$libinit$$00000032          0x0800015a   Section        0  libinit2.o(.ARM.Collect$$libinit$$00000032)
    .ARM.Collect$$libinit$$00000034          0x0800015a   Section        0  libinit2.o(.ARM.Collect$$libinit$$00000034)
    .ARM.Collect$$libinit$$00000035          0x0800015a   Section        2  libinit2.o(.ARM.Collect$$libinit$$00000035)
    .ARM.Collect$$libshutdown$$00000000      0x0800015c   Section        2  libshutdown.o(.ARM.Collect$$libshutdown$$00000000)
    .ARM.Collect$$libshutdown$$00000002      0x0800015e   Section        0  libshutdown2.o(.ARM.Collect$$libshutdown$$00000002)
    .ARM.Collect$$libshutdown$$00000004      0x0800015e   Section        0  libshutdown2.o(.ARM.Collect$$libshutdown$$00000004)
    .ARM.Collect$$libshutdown$$00000007      0x0800015e   Section        0  libshutdown2.o(.ARM.Collect$$libshutdown$$00000007)
    .ARM.Collect$$libshutdown$$0000000A      0x0800015e   Section        0  libshutdown2.o(.ARM.Collect$$libshutdown$$0000000A)
    .ARM.Collect$$libshutdown$$0000000C      0x0800015e   Section        0  libshutdown2.o(.ARM.Collect$$libshutdown$$0000000C)
    .ARM.Collect$$libshutdown$$0000000F      0x0800015e   Section        0  libshutdown2.o(.ARM.Collect$$libshutdown$$0000000F)
    .ARM.Collect$$libshutdown$$00000010      0x0800015e   Section        2  libshutdown2.o(.ARM.Collect$$libshutdown$$00000010)
    .ARM.Collect$$rtentry$$00000000          0x08000160   Section        0  __rtentry.o(.ARM.Collect$$rtentry$$00000000)
    .ARM.Collect$$rtentry$$00000002          0x08000160   Section        0  __rtentry2.o(.ARM.Collect$$rtentry$$00000002)
    .ARM.Collect$$rtentry$$00000004          0x08000160   Section        6  __rtentry4.o(.ARM.Collect$$rtentry$$00000004)
    .ARM.Collect$$rtentry$$00000009          0x08000166   Section        0  __rtentry2.o(.ARM.Collect$$rtentry$$00000009)
    .ARM.Collect$$rtentry$$0000000A          0x08000166   Section        4  __rtentry2.o(.ARM.Collect$$rtentry$$0000000A)
    .ARM.Collect$$rtentry$$0000000C          0x0800016a   Section        0  __rtentry2.o(.ARM.Collect$$rtentry$$0000000C)
    .ARM.Collect$$rtentry$$0000000D          0x0800016a   Section        8  __rtentry2.o(.ARM.Collect$$rtentry$$0000000D)
    .ARM.Collect$$rtexit$$00000000           0x08000172   Section        2  rtexit.o(.ARM.Collect$$rtexit$$00000000)
    .ARM.Collect$$rtexit$$00000002           0x08000174   Section        0  rtexit2.o(.ARM.Collect$$rtexit$$00000002)
    .ARM.Collect$$rtexit$$00000003           0x08000174   Section        4  rtexit2.o(.ARM.Collect$$rtexit$$00000003)
    .ARM.Collect$$rtexit$$00000004           0x08000178   Section        6  rtexit2.o(.ARM.Collect$$rtexit$$00000004)
    .text                                    0x08000180   Section      116  startup_stm32f042x6.o(.text)
    .text                                    0x080001f4   Section        0  llmul.o(.text)
    .text                                    0x08000224   Section        0  lludiv.o(.text)
    .text                                    0x08000334   Section        0  rt_memclr.o(.text)
    .text                                    0x08000374   Section      364  aeabi_sdiv.o(.text)
    .text                                    0x080004e0   Section        0  heapauxi.o(.text)
    .text                                    0x080004e6   Section       62  sys_stackheap_outer.o(.text)
    .text                                    0x08000524   Section        0  exit.o(.text)
    .text                                    0x08000534   Section        8  libspace.o(.text)
    .text                                    0x0800053c   Section        0  sys_exit.o(.text)
    .text                                    0x08000548   Section        2  use_no_semi.o(.text)
    .text                                    0x0800054a   Section        0  indicate_semi.o(.text)
    [Anonymous Symbol]                       0x0800054c   Section        0  stm32f0xx_it.o(.text.DMA1_Channel2_3_IRQHandler)
    __arm_cp.5_0                             0x0800055c   Number         4  stm32f0xx_it.o(.text.DMA1_Channel2_3_IRQHandler)
    __arm_cp.5_1                             0x08000560   Number         4  stm32f0xx_it.o(.text.DMA1_Channel2_3_IRQHandler)
    [Anonymous Symbol]                       0x08000564   Section        0  stm32f0xx_it.o(.text.DMA1_Channel4_5_IRQHandler)
    __arm_cp.6_0                             0x08000574   Number         4  stm32f0xx_it.o(.text.DMA1_Channel4_5_IRQHandler)
    __arm_cp.6_1                             0x08000578   Number         4  stm32f0xx_it.o(.text.DMA1_Channel4_5_IRQHandler)
    DMA_CalcBaseAndBitshift                  0x0800057d   Thumb Code    40  stm32f0xx_hal_dma.o(.text.DMA_CalcBaseAndBitshift)
    [Anonymous Symbol]                       0x0800057c   Section        0  stm32f0xx_hal_dma.o(.text.DMA_CalcBaseAndBitshift)
    __arm_cp.1_0                             0x080005a4   Number         4  stm32f0xx_hal_dma.o(.text.DMA_CalcBaseAndBitshift)
    __arm_cp.1_1                             0x080005a8   Number         4  stm32f0xx_hal_dma.o(.text.DMA_CalcBaseAndBitshift)
    DMA_SetConfig                            0x080005ad   Thumb Code    80  stm32f0xx_hal_dma.o(.text.DMA_SetConfig)
    [Anonymous Symbol]                       0x080005ac   Section        0  stm32f0xx_hal_dma.o(.text.DMA_SetConfig)
    [Anonymous Symbol]                       0x080005fc   Section        0  main.o(.text.Error_Handler)
    [Anonymous Symbol]                       0x0800060a   Section        0  stm32f0xx_hal_dma.o(.text.HAL_DMA_Abort)
    [Anonymous Symbol]                       0x0800067c   Section        0  stm32f0xx_hal_dma.o(.text.HAL_DMA_Abort_IT)
    [Anonymous Symbol]                       0x080006f4   Section        0  stm32f0xx_hal_dma.o(.text.HAL_DMA_IRQHandler)
    [Anonymous Symbol]                       0x08000838   Section        0  stm32f0xx_hal_dma.o(.text.HAL_DMA_Init)
    __arm_cp.0_0                             0x080008c0   Number         4  stm32f0xx_hal_dma.o(.text.HAL_DMA_Init)
    [Anonymous Symbol]                       0x080008c4   Section        0  stm32f0xx_hal_dma.o(.text.HAL_DMA_Start_IT)
    [Anonymous Symbol]                       0x08000990   Section        0  stm32f0xx_hal_gpio.o(.text.HAL_GPIO_Init)
    __arm_cp.0_1                             0x08000c40   Number         4  stm32f0xx_hal_gpio.o(.text.HAL_GPIO_Init)
    __arm_cp.0_2                             0x08000c44   Number         4  stm32f0xx_hal_gpio.o(.text.HAL_GPIO_Init)
    __arm_cp.0_3                             0x08000c48   Number         4  stm32f0xx_hal_gpio.o(.text.HAL_GPIO_Init)
    __arm_cp.0_4                             0x08000c4c   Number         4  stm32f0xx_hal_gpio.o(.text.HAL_GPIO_Init)
    __arm_cp.0_5                             0x08000c50   Number         4  stm32f0xx_hal_gpio.o(.text.HAL_GPIO_Init)
    __arm_cp.0_6                             0x08000c54   Number         4  stm32f0xx_hal_gpio.o(.text.HAL_GPIO_Init)
    __arm_cp.0_7                             0x08000c58   Number         4  stm32f0xx_hal_gpio.o(.text.HAL_GPIO_Init)
    [Anonymous Symbol]                       0x08000c5c   Section        0  stm32f0xx_hal_gpio.o(.text.HAL_GPIO_TogglePin)
    [Anonymous Symbol]                       0x08000c80   Section        0  stm32f0xx_hal_gpio.o(.text.HAL_GPIO_WritePin)
    [Anonymous Symbol]                       0x08000cac   Section        0  stm32f0xx_hal.o(.text.HAL_GetTick)
    [Anonymous Symbol]                       0x08000cb4   Section        0  stm32f0xx_hal.o(.text.HAL_IncTick)
    __arm_cp.5_1                             0x08000cc4   Number         4  stm32f0xx_hal.o(.text.HAL_IncTick)
    [Anonymous Symbol]                       0x08000cc8   Section        0  stm32f0xx_hal.o(.text.HAL_Init)
    __arm_cp.0_0                             0x08000ce8   Number         4  stm32f0xx_hal.o(.text.HAL_Init)
    [Anonymous Symbol]                       0x08000cec   Section        0  stm32f0xx_hal.o(.text.HAL_InitTick)
    __arm_cp.1_0                             0x08000d50   Number         4  stm32f0xx_hal.o(.text.HAL_InitTick)
    __arm_cp.1_1                             0x08000d54   Number         4  stm32f0xx_hal.o(.text.HAL_InitTick)
    __arm_cp.1_2                             0x08000d58   Number         4  stm32f0xx_hal.o(.text.HAL_InitTick)
    [Anonymous Symbol]                       0x08000d5c   Section        0  stm32f0xx_hal_msp.o(.text.HAL_MspInit)
    __arm_cp.0_0                             0x08000d90   Number         4  stm32f0xx_hal_msp.o(.text.HAL_MspInit)
    [Anonymous Symbol]                       0x08000d94   Section        0  stm32f0xx_hal_cortex.o(.text.HAL_NVIC_EnableIRQ)
    [Anonymous Symbol]                       0x08000daa   Section        0  stm32f0xx_hal_cortex.o(.text.HAL_NVIC_SetPriority)
    [Anonymous Symbol]                       0x08000dc8   Section        0  stm32f0xx_hal_rcc_ex.o(.text.HAL_RCCEx_PeriphCLKConfig)
    __arm_cp.0_0                             0x08000f90   Number         4  stm32f0xx_hal_rcc_ex.o(.text.HAL_RCCEx_PeriphCLKConfig)
    __arm_cp.0_1                             0x08000f94   Number         4  stm32f0xx_hal_rcc_ex.o(.text.HAL_RCCEx_PeriphCLKConfig)
    __arm_cp.0_2                             0x08000f98   Number         4  stm32f0xx_hal_rcc_ex.o(.text.HAL_RCCEx_PeriphCLKConfig)
    __arm_cp.0_3                             0x08000f9c   Number         4  stm32f0xx_hal_rcc_ex.o(.text.HAL_RCCEx_PeriphCLKConfig)
    [Anonymous Symbol]                       0x08000fa0   Section        0  stm32f0xx_hal_rcc.o(.text.HAL_RCC_ClockConfig)
    __arm_cp.2_0                             0x08001174   Number         4  stm32f0xx_hal_rcc.o(.text.HAL_RCC_ClockConfig)
    __arm_cp.2_2                             0x08001178   Number         4  stm32f0xx_hal_rcc.o(.text.HAL_RCC_ClockConfig)
    __arm_cp.2_3                             0x0800117c   Number         4  stm32f0xx_hal_rcc.o(.text.HAL_RCC_ClockConfig)
    __arm_cp.2_4                             0x08001180   Number         4  stm32f0xx_hal_rcc.o(.text.HAL_RCC_ClockConfig)
    __arm_cp.2_6                             0x08001184   Number         4  stm32f0xx_hal_rcc.o(.text.HAL_RCC_ClockConfig)
    [Anonymous Symbol]                       0x08001188   Section        0  stm32f0xx_hal_rcc.o(.text.HAL_RCC_GetHCLKFreq)
    __arm_cp.7_0                             0x08001190   Number         4  stm32f0xx_hal_rcc.o(.text.HAL_RCC_GetHCLKFreq)
    [Anonymous Symbol]                       0x08001194   Section        0  stm32f0xx_hal_rcc.o(.text.HAL_RCC_GetPCLK1Freq)
    __arm_cp.8_1                             0x080011b0   Number         4  stm32f0xx_hal_rcc.o(.text.HAL_RCC_GetPCLK1Freq)
    [Anonymous Symbol]                       0x080011b4   Section        0  stm32f0xx_hal_rcc.o(.text.HAL_RCC_GetSysClockFreq)
    __arm_cp.3_0                             0x080012b4   Number         4  stm32f0xx_hal_rcc.o(.text.HAL_RCC_GetSysClockFreq)
    __arm_cp.3_1                             0x080012b8   Number         4  stm32f0xx_hal_rcc.o(.text.HAL_RCC_GetSysClockFreq)
    __arm_cp.3_2                             0x080012bc   Number         4  stm32f0xx_hal_rcc.o(.text.HAL_RCC_GetSysClockFreq)
    __arm_cp.3_3                             0x080012c0   Number         4  stm32f0xx_hal_rcc.o(.text.HAL_RCC_GetSysClockFreq)
    __arm_cp.3_4                             0x080012c4   Number         4  stm32f0xx_hal_rcc.o(.text.HAL_RCC_GetSysClockFreq)
    __arm_cp.3_5                             0x080012c8   Number         4  stm32f0xx_hal_rcc.o(.text.HAL_RCC_GetSysClockFreq)
    [Anonymous Symbol]                       0x080012cc   Section        0  stm32f0xx_hal_rcc.o(.text.HAL_RCC_OscConfig)
    __arm_cp.1_11                            0x080016f0   Number         4  stm32f0xx_hal_rcc.o(.text.HAL_RCC_OscConfig)
    __arm_cp.1_13                            0x080016f8   Number         4  stm32f0xx_hal_rcc.o(.text.HAL_RCC_OscConfig)
    __arm_cp.1_0                             0x08001a50   Number         4  stm32f0xx_hal_rcc.o(.text.HAL_RCC_OscConfig)
    __arm_cp.1_1                             0x08001a54   Number         4  stm32f0xx_hal_rcc.o(.text.HAL_RCC_OscConfig)
    __arm_cp.1_3                             0x08001a58   Number         4  stm32f0xx_hal_rcc.o(.text.HAL_RCC_OscConfig)
    __arm_cp.1_5                             0x08001a5c   Number         4  stm32f0xx_hal_rcc.o(.text.HAL_RCC_OscConfig)
    __arm_cp.1_6                             0x08001a60   Number         4  stm32f0xx_hal_rcc.o(.text.HAL_RCC_OscConfig)
    __arm_cp.1_7                             0x08001a64   Number         4  stm32f0xx_hal_rcc.o(.text.HAL_RCC_OscConfig)
    __arm_cp.1_8                             0x08001a68   Number         4  stm32f0xx_hal_rcc.o(.text.HAL_RCC_OscConfig)
    [Anonymous Symbol]                       0x08001a6c   Section        0  stm32f0xx_hal_cortex.o(.text.HAL_SYSTICK_Config)
    [Anonymous Symbol]                       0x08001a7c   Section        0  stm32f0xx_hal_tim_ex.o(.text.HAL_TIMEx_ConfigBreakDeadTime)
    [Anonymous Symbol]                       0x08001b34   Section        0  stm32f0xx_hal_tim_ex.o(.text.HAL_TIMEx_MasterConfigSynchronization)
    [Anonymous Symbol]                       0x08001bf4   Section        0  stm32f0xx_hal_tim.o(.text.HAL_TIM_Base_Init)
    [Anonymous Symbol]                       0x08001c94   Section        0  stm32f0xx_hal_msp.o(.text.HAL_TIM_Base_MspInit)
    __arm_cp.1_2                             0x08001ce8   Number         4  stm32f0xx_hal_msp.o(.text.HAL_TIM_Base_MspInit)
    __arm_cp.1_3                             0x08001cec   Number         4  stm32f0xx_hal_msp.o(.text.HAL_TIM_Base_MspInit)
    [Anonymous Symbol]                       0x08001cf0   Section        0  stm32f0xx_hal_tim.o(.text.HAL_TIM_ConfigClockSource)
    [Anonymous Symbol]                       0x08001e7c   Section        0  stm32f0xx_hal_msp.o(.text.HAL_TIM_MspPostInit)
    __arm_cp.2_0                             0x08001f14   Number         4  stm32f0xx_hal_msp.o(.text.HAL_TIM_MspPostInit)
    __arm_cp.2_1                             0x08001f18   Number         4  stm32f0xx_hal_msp.o(.text.HAL_TIM_MspPostInit)
    __arm_cp.2_2                             0x08001f1c   Number         4  stm32f0xx_hal_msp.o(.text.HAL_TIM_MspPostInit)
    __arm_cp.2_3                             0x08001f20   Number         4  stm32f0xx_hal_msp.o(.text.HAL_TIM_MspPostInit)
    [Anonymous Symbol]                       0x08001f24   Section        0  stm32f0xx_hal_tim.o(.text.HAL_TIM_PWM_ConfigChannel)
    [Anonymous Symbol]                       0x08002094   Section        0  stm32f0xx_hal_tim.o(.text.HAL_TIM_PWM_Init)
    [Anonymous Symbol]                       0x08002132   Section        0  stm32f0xx_hal_tim.o(.text.HAL_TIM_PWM_MspInit)
    [Anonymous Symbol]                       0x0800213c   Section        0  stm32f0xx_hal_tim.o(.text.HAL_TIM_PWM_Start)
    __arm_cp.31_0                            0x080022b0   Number         4  stm32f0xx_hal_tim.o(.text.HAL_TIM_PWM_Start)
    __arm_cp.31_1                            0x080022b4   Number         4  stm32f0xx_hal_tim.o(.text.HAL_TIM_PWM_Start)
    __arm_cp.31_2                            0x080022b8   Number         4  stm32f0xx_hal_tim.o(.text.HAL_TIM_PWM_Start)
    __arm_cp.31_3                            0x080022bc   Number         4  stm32f0xx_hal_tim.o(.text.HAL_TIM_PWM_Start)
    [Anonymous Symbol]                       0x080022c0   Section        0  stm32f0xx_hal_uart.o(.text.HAL_UARTEx_RxEventCallback)
    [Anonymous Symbol]                       0x080022cc   Section        0  stm32f0xx_hal_uart_ex.o(.text.HAL_UARTEx_WakeupCallback)
    [Anonymous Symbol]                       0x080022d4   Section        0  stm32f0xx_hal_uart.o(.text.HAL_UART_ErrorCallback)
    [Anonymous Symbol]                       0x080022dc   Section        0  stm32f0xx_hal_uart.o(.text.HAL_UART_IRQHandler)
    __arm_cp.42_3                            0x080026b8   Number         4  stm32f0xx_hal_uart.o(.text.HAL_UART_IRQHandler)
    __arm_cp.42_4                            0x080026bc   Number         4  stm32f0xx_hal_uart.o(.text.HAL_UART_IRQHandler)
    __arm_cp.42_2                            0x080027ec   Number         4  stm32f0xx_hal_uart.o(.text.HAL_UART_IRQHandler)
    [Anonymous Symbol]                       0x080027f0   Section        0  stm32f0xx_hal_uart.o(.text.HAL_UART_Init)
    [Anonymous Symbol]                       0x080028a0   Section        0  stm32f0xx_hal_msp.o(.text.HAL_UART_MspInit)
    __arm_cp.4_0                             0x08002a80   Number         4  stm32f0xx_hal_msp.o(.text.HAL_UART_MspInit)
    __arm_cp.4_1                             0x08002a84   Number         4  stm32f0xx_hal_msp.o(.text.HAL_UART_MspInit)
    __arm_cp.4_2                             0x08002a88   Number         4  stm32f0xx_hal_msp.o(.text.HAL_UART_MspInit)
    __arm_cp.4_3                             0x08002a8c   Number         4  stm32f0xx_hal_msp.o(.text.HAL_UART_MspInit)
    __arm_cp.4_4                             0x08002a90   Number         4  stm32f0xx_hal_msp.o(.text.HAL_UART_MspInit)
    __arm_cp.4_5                             0x08002a94   Number         4  stm32f0xx_hal_msp.o(.text.HAL_UART_MspInit)
    __arm_cp.4_6                             0x08002a98   Number         4  stm32f0xx_hal_msp.o(.text.HAL_UART_MspInit)
    __arm_cp.4_7                             0x08002a9c   Number         4  stm32f0xx_hal_msp.o(.text.HAL_UART_MspInit)
    __arm_cp.4_8                             0x08002aa0   Number         4  stm32f0xx_hal_msp.o(.text.HAL_UART_MspInit)
    __arm_cp.4_9                             0x08002aa4   Number         4  stm32f0xx_hal_msp.o(.text.HAL_UART_MspInit)
    __arm_cp.4_10                            0x08002aa8   Number         4  stm32f0xx_hal_msp.o(.text.HAL_UART_MspInit)
    __arm_cp.4_11                            0x08002aac   Number         4  stm32f0xx_hal_msp.o(.text.HAL_UART_MspInit)
    __arm_cp.4_12                            0x08002ab0   Number         4  stm32f0xx_hal_msp.o(.text.HAL_UART_MspInit)
    __arm_cp.4_13                            0x08002ab4   Number         4  stm32f0xx_hal_msp.o(.text.HAL_UART_MspInit)
    [Anonymous Symbol]                       0x08002ab8   Section        0  stm32f0xx_hal_uart.o(.text.HAL_UART_Receive_DMA)
    [Anonymous Symbol]                       0x08002b80   Section        0  main.o(.text.HAL_UART_RxCpltCallback)
    __arm_cp.11_0                            0x08002c68   Number         4  main.o(.text.HAL_UART_RxCpltCallback)
    __arm_cp.11_1                            0x08002c6c   Number         4  main.o(.text.HAL_UART_RxCpltCallback)
    __arm_cp.11_2                            0x08002c70   Number         4  main.o(.text.HAL_UART_RxCpltCallback)
    __arm_cp.11_3                            0x08002c74   Number         4  main.o(.text.HAL_UART_RxCpltCallback)
    __arm_cp.11_4                            0x08002c78   Number         4  main.o(.text.HAL_UART_RxCpltCallback)
    __arm_cp.11_5                            0x08002c7c   Number         4  main.o(.text.HAL_UART_RxCpltCallback)
    __arm_cp.11_6                            0x08002c80   Number         4  main.o(.text.HAL_UART_RxCpltCallback)
    __arm_cp.11_7                            0x08002c84   Number         4  main.o(.text.HAL_UART_RxCpltCallback)
    [Anonymous Symbol]                       0x08002c88   Section        0  stm32f0xx_hal_uart.o(.text.HAL_UART_RxHalfCpltCallback)
    [Anonymous Symbol]                       0x08002c90   Section        0  stm32f0xx_hal_uart.o(.text.HAL_UART_Transmit_DMA)
    __arm_cp.18_0                            0x08002dbc   Number         4  stm32f0xx_hal_uart.o(.text.HAL_UART_Transmit_DMA)
    __arm_cp.18_1                            0x08002dc0   Number         4  stm32f0xx_hal_uart.o(.text.HAL_UART_Transmit_DMA)
    __arm_cp.18_2                            0x08002dc4   Number         4  stm32f0xx_hal_uart.o(.text.HAL_UART_Transmit_DMA)
    [Anonymous Symbol]                       0x08002dc8   Section        0  stm32f0xx_hal_uart.o(.text.HAL_UART_TxCpltCallback)
    [Anonymous Symbol]                       0x08002dd0   Section        0  stm32f0xx_hal_uart.o(.text.HAL_UART_TxHalfCpltCallback)
    [Anonymous Symbol]                       0x08002dd8   Section        0  stm32f0xx_it.o(.text.HardFault_Handler)
    [Anonymous Symbol]                       0x08002ddc   Section        0  main.o(.text.HextoASCLL)
    MX_DMA_Init                              0x08002e81   Thumb Code    68  main.o(.text.MX_DMA_Init)
    [Anonymous Symbol]                       0x08002e80   Section        0  main.o(.text.MX_DMA_Init)
    MX_GPIO_Init                             0x08002ec5   Thumb Code   108  main.o(.text.MX_GPIO_Init)
    [Anonymous Symbol]                       0x08002ec4   Section        0  main.o(.text.MX_GPIO_Init)
    __arm_cp.2_0                             0x08002f30   Number         4  main.o(.text.MX_GPIO_Init)
    __arm_cp.2_1                             0x08002f34   Number         4  main.o(.text.MX_GPIO_Init)
    MX_TIM1_Init                             0x08002f39   Thumb Code   252  main.o(.text.MX_TIM1_Init)
    [Anonymous Symbol]                       0x08002f38   Section        0  main.o(.text.MX_TIM1_Init)
    __arm_cp.4_0                             0x08003034   Number         4  main.o(.text.MX_TIM1_Init)
    __arm_cp.4_1                             0x08003038   Number         4  main.o(.text.MX_TIM1_Init)
    MX_TIM3_Init                             0x0800303d   Thumb Code   188  main.o(.text.MX_TIM3_Init)
    [Anonymous Symbol]                       0x0800303c   Section        0  main.o(.text.MX_TIM3_Init)
    __arm_cp.5_0                             0x080030f8   Number         4  main.o(.text.MX_TIM3_Init)
    __arm_cp.5_1                             0x080030fc   Number         4  main.o(.text.MX_TIM3_Init)
    __arm_cp.5_2                             0x08003100   Number         4  main.o(.text.MX_TIM3_Init)
    MX_USART1_UART_Init                      0x08003105   Thumb Code    60  main.o(.text.MX_USART1_UART_Init)
    [Anonymous Symbol]                       0x08003104   Section        0  main.o(.text.MX_USART1_UART_Init)
    __arm_cp.6_0                             0x08003140   Number         4  main.o(.text.MX_USART1_UART_Init)
    __arm_cp.6_1                             0x08003144   Number         4  main.o(.text.MX_USART1_UART_Init)
    MX_USART2_UART_Init                      0x08003149   Thumb Code    60  main.o(.text.MX_USART2_UART_Init)
    [Anonymous Symbol]                       0x08003148   Section        0  main.o(.text.MX_USART2_UART_Init)
    __arm_cp.7_0                             0x08003184   Number         4  main.o(.text.MX_USART2_UART_Init)
    __arm_cp.7_1                             0x08003188   Number         4  main.o(.text.MX_USART2_UART_Init)
    [Anonymous Symbol]                       0x0800318c   Section        0  main.o(.text.Memcopy)
    [Anonymous Symbol]                       0x080031c8   Section        0  stm32f0xx_it.o(.text.NMI_Handler)
    [Anonymous Symbol]                       0x080031cc   Section        0  main.o(.text.Pelco_Frame_Chk)
    [Anonymous Symbol]                       0x08003234   Section        0  stm32f0xx_it.o(.text.PendSV_Handler)
    [Anonymous Symbol]                       0x08003236   Section        0  stm32f0xx_it.o(.text.SVC_Handler)
    SysTick_Config                           0x08003239   Thumb Code    68  stm32f0xx_hal_cortex.o(.text.SysTick_Config)
    [Anonymous Symbol]                       0x08003238   Section        0  stm32f0xx_hal_cortex.o(.text.SysTick_Config)
    __arm_cp.9_0                             0x0800327c   Number         4  stm32f0xx_hal_cortex.o(.text.SysTick_Config)
    __arm_cp.9_1                             0x08003280   Number         4  stm32f0xx_hal_cortex.o(.text.SysTick_Config)
    __arm_cp.9_2                             0x08003284   Number         4  stm32f0xx_hal_cortex.o(.text.SysTick_Config)
    [Anonymous Symbol]                       0x08003288   Section        0  stm32f0xx_it.o(.text.SysTick_Handler)
    [Anonymous Symbol]                       0x08003294   Section        0  main.o(.text.SysTick_Main)
    __arm_cp.13_0                            0x08003504   Number         4  main.o(.text.SysTick_Main)
    __arm_cp.13_1                            0x08003508   Number         4  main.o(.text.SysTick_Main)
    __arm_cp.13_2                            0x0800350c   Number         4  main.o(.text.SysTick_Main)
    __arm_cp.13_3                            0x08003510   Number         4  main.o(.text.SysTick_Main)
    __arm_cp.13_4                            0x08003514   Number         4  main.o(.text.SysTick_Main)
    __arm_cp.13_5                            0x08003518   Number         4  main.o(.text.SysTick_Main)
    __arm_cp.13_6                            0x0800351c   Number         4  main.o(.text.SysTick_Main)
    __arm_cp.13_7                            0x08003520   Number         4  main.o(.text.SysTick_Main)
    __arm_cp.13_8                            0x08003524   Number         4  main.o(.text.SysTick_Main)
    __arm_cp.13_9                            0x08003528   Number         4  main.o(.text.SysTick_Main)
    __arm_cp.13_10                           0x0800352c   Number         4  main.o(.text.SysTick_Main)
    __arm_cp.13_11                           0x08003530   Number         4  main.o(.text.SysTick_Main)
    __arm_cp.13_12                           0x08003534   Number         4  main.o(.text.SysTick_Main)
    __arm_cp.13_13                           0x08003538   Number         4  main.o(.text.SysTick_Main)
    __arm_cp.13_14                           0x0800353c   Number         4  main.o(.text.SysTick_Main)
    __arm_cp.13_15                           0x08003540   Number         4  main.o(.text.SysTick_Main)
    __arm_cp.13_16                           0x08003544   Number         4  main.o(.text.SysTick_Main)
    __arm_cp.13_17                           0x08003548   Number         4  main.o(.text.SysTick_Main)
    __arm_cp.13_18                           0x0800354c   Number         4  main.o(.text.SysTick_Main)
    __arm_cp.13_19                           0x08003550   Number         4  main.o(.text.SysTick_Main)
    __arm_cp.13_20                           0x08003554   Number         4  main.o(.text.SysTick_Main)
    __arm_cp.13_21                           0x08003558   Number         4  main.o(.text.SysTick_Main)
    [Anonymous Symbol]                       0x0800355c   Section        0  main.o(.text.SystemClock_Config)
    [Anonymous Symbol]                       0x080035de   Section        0  system_stm32f0xx.o(.text.SystemInit)
    [Anonymous Symbol]                       0x080035e0   Section        0  stm32f0xx_hal_tim.o(.text.TIM_Base_SetConfig)
    __arm_cp.2_1                             0x080036e4   Number         4  stm32f0xx_hal_tim.o(.text.TIM_Base_SetConfig)
    __arm_cp.2_2                             0x080036e8   Number         4  stm32f0xx_hal_tim.o(.text.TIM_Base_SetConfig)
    [Anonymous Symbol]                       0x080036ec   Section        0  stm32f0xx_hal_tim.o(.text.TIM_CCxChannelCmd)
    [Anonymous Symbol]                       0x0800371e   Section        0  stm32f0xx_hal_tim.o(.text.TIM_ETR_SetConfig)
    TIM_ITRx_SetConfig                       0x08003755   Thumb Code    42  stm32f0xx_hal_tim.o(.text.TIM_ITRx_SetConfig)
    [Anonymous Symbol]                       0x08003754   Section        0  stm32f0xx_hal_tim.o(.text.TIM_ITRx_SetConfig)
    TIM_OC1_SetConfig                        0x08003781   Thumb Code   236  stm32f0xx_hal_tim.o(.text.TIM_OC1_SetConfig)
    [Anonymous Symbol]                       0x08003780   Section        0  stm32f0xx_hal_tim.o(.text.TIM_OC1_SetConfig)
    [Anonymous Symbol]                       0x0800386c   Section        0  stm32f0xx_hal_tim.o(.text.TIM_OC2_SetConfig)
    __arm_cp.75_0                            0x08003978   Number         4  stm32f0xx_hal_tim.o(.text.TIM_OC2_SetConfig)
    __arm_cp.75_1                            0x0800397c   Number         4  stm32f0xx_hal_tim.o(.text.TIM_OC2_SetConfig)
    __arm_cp.75_2                            0x08003980   Number         4  stm32f0xx_hal_tim.o(.text.TIM_OC2_SetConfig)
    TIM_OC3_SetConfig                        0x08003985   Thumb Code   264  stm32f0xx_hal_tim.o(.text.TIM_OC3_SetConfig)
    [Anonymous Symbol]                       0x08003984   Section        0  stm32f0xx_hal_tim.o(.text.TIM_OC3_SetConfig)
    __arm_cp.76_2                            0x08003a8c   Number         4  stm32f0xx_hal_tim.o(.text.TIM_OC3_SetConfig)
    TIM_OC4_SetConfig                        0x08003a91   Thumb Code   172  stm32f0xx_hal_tim.o(.text.TIM_OC4_SetConfig)
    [Anonymous Symbol]                       0x08003a90   Section        0  stm32f0xx_hal_tim.o(.text.TIM_OC4_SetConfig)
    __arm_cp.77_0                            0x08003b3c   Number         4  stm32f0xx_hal_tim.o(.text.TIM_OC4_SetConfig)
    __arm_cp.77_1                            0x08003b40   Number         4  stm32f0xx_hal_tim.o(.text.TIM_OC4_SetConfig)
    __arm_cp.77_2                            0x08003b44   Number         4  stm32f0xx_hal_tim.o(.text.TIM_OC4_SetConfig)
    TIM_TI1_ConfigInputStage                 0x08003b49   Thumb Code    80  stm32f0xx_hal_tim.o(.text.TIM_TI1_ConfigInputStage)
    [Anonymous Symbol]                       0x08003b48   Section        0  stm32f0xx_hal_tim.o(.text.TIM_TI1_ConfigInputStage)
    TIM_TI2_ConfigInputStage                 0x08003b99   Thumb Code    84  stm32f0xx_hal_tim.o(.text.TIM_TI2_ConfigInputStage)
    [Anonymous Symbol]                       0x08003b98   Section        0  stm32f0xx_hal_tim.o(.text.TIM_TI2_ConfigInputStage)
    [Anonymous Symbol]                       0x08003bec   Section        0  stm32f0xx_hal_uart.o(.text.UART_AdvFeatureConfig)
    [Anonymous Symbol]                       0x08003d48   Section        0  stm32f0xx_hal_uart.o(.text.UART_CheckIdleState)
    __arm_cp.4_0                             0x08003ea0   Number         4  stm32f0xx_hal_uart.o(.text.UART_CheckIdleState)
    UART_DMAAbortOnError                     0x08003ea5   Thumb Code    36  stm32f0xx_hal_uart.o(.text.UART_DMAAbortOnError)
    [Anonymous Symbol]                       0x08003ea4   Section        0  stm32f0xx_hal_uart.o(.text.UART_DMAAbortOnError)
    UART_DMAError                            0x08003ec9   Thumb Code   124  stm32f0xx_hal_uart.o(.text.UART_DMAError)
    [Anonymous Symbol]                       0x08003ec8   Section        0  stm32f0xx_hal_uart.o(.text.UART_DMAError)
    UART_DMAReceiveCplt                      0x08003f45   Thumb Code   274  stm32f0xx_hal_uart.o(.text.UART_DMAReceiveCplt)
    [Anonymous Symbol]                       0x08003f44   Section        0  stm32f0xx_hal_uart.o(.text.UART_DMAReceiveCplt)
    UART_DMARxHalfCplt                       0x08004057   Thumb Code    54  stm32f0xx_hal_uart.o(.text.UART_DMARxHalfCplt)
    [Anonymous Symbol]                       0x08004056   Section        0  stm32f0xx_hal_uart.o(.text.UART_DMARxHalfCplt)
    UART_DMATransmitCplt                     0x0800408d   Thumb Code   136  stm32f0xx_hal_uart.o(.text.UART_DMATransmitCplt)
    [Anonymous Symbol]                       0x0800408c   Section        0  stm32f0xx_hal_uart.o(.text.UART_DMATransmitCplt)
    UART_DMATxHalfCplt                       0x08004115   Thumb Code    22  stm32f0xx_hal_uart.o(.text.UART_DMATxHalfCplt)
    [Anonymous Symbol]                       0x08004114   Section        0  stm32f0xx_hal_uart.o(.text.UART_DMATxHalfCplt)
    UART_EndRxTransfer                       0x0800412b   Thumb Code   176  stm32f0xx_hal_uart.o(.text.UART_EndRxTransfer)
    [Anonymous Symbol]                       0x0800412a   Section        0  stm32f0xx_hal_uart.o(.text.UART_EndRxTransfer)
    UART_EndTransmit_IT                      0x080041db   Thumb Code    74  stm32f0xx_hal_uart.o(.text.UART_EndTransmit_IT)
    [Anonymous Symbol]                       0x080041da   Section        0  stm32f0xx_hal_uart.o(.text.UART_EndTransmit_IT)
    UART_EndTxTransfer                       0x08004225   Thumb Code    60  stm32f0xx_hal_uart.o(.text.UART_EndTxTransfer)
    [Anonymous Symbol]                       0x08004224   Section        0  stm32f0xx_hal_uart.o(.text.UART_EndTxTransfer)
    [Anonymous Symbol]                       0x08004260   Section        0  stm32f0xx_hal_uart.o(.text.UART_SetConfig)
    __arm_cp.3_0                             0x080044d0   Number         4  stm32f0xx_hal_uart.o(.text.UART_SetConfig)
    __arm_cp.3_1                             0x080044d4   Number         4  stm32f0xx_hal_uart.o(.text.UART_SetConfig)
    __arm_cp.3_2                             0x080044d8   Number         4  stm32f0xx_hal_uart.o(.text.UART_SetConfig)
    __arm_cp.3_3                             0x080044dc   Number         4  stm32f0xx_hal_uart.o(.text.UART_SetConfig)
    __arm_cp.3_4                             0x080044e0   Number         4  stm32f0xx_hal_uart.o(.text.UART_SetConfig)
    [Anonymous Symbol]                       0x080044e4   Section        0  stm32f0xx_hal_uart.o(.text.UART_Start_Receive_DMA)
    __arm_cp.23_0                            0x08004610   Number         4  stm32f0xx_hal_uart.o(.text.UART_Start_Receive_DMA)
    __arm_cp.23_1                            0x08004614   Number         4  stm32f0xx_hal_uart.o(.text.UART_Start_Receive_DMA)
    __arm_cp.23_2                            0x08004618   Number         4  stm32f0xx_hal_uart.o(.text.UART_Start_Receive_DMA)
    [Anonymous Symbol]                       0x0800461c   Section        0  stm32f0xx_hal_uart.o(.text.UART_WaitOnFlagUntilTimeout)
    [Anonymous Symbol]                       0x08004724   Section        0  stm32f0xx_it.o(.text.USART1_IRQHandler)
    [Anonymous Symbol]                       0x08004730   Section        0  stm32f0xx_it.o(.text.USART2_IRQHandler)
    __NVIC_EnableIRQ                         0x0800473d   Thumb Code    40  stm32f0xx_hal_cortex.o(.text.__NVIC_EnableIRQ)
    [Anonymous Symbol]                       0x0800473c   Section        0  stm32f0xx_hal_cortex.o(.text.__NVIC_EnableIRQ)
    __arm_cp.3_0                             0x08004764   Number         4  stm32f0xx_hal_cortex.o(.text.__NVIC_EnableIRQ)
    __NVIC_SetPriority                       0x08004769   Thumb Code   124  stm32f0xx_hal_cortex.o(.text.__NVIC_SetPriority)
    [Anonymous Symbol]                       0x08004768   Section        0  stm32f0xx_hal_cortex.o(.text.__NVIC_SetPriority)
    __arm_cp.1_0                             0x080047e4   Number         4  stm32f0xx_hal_cortex.o(.text.__NVIC_SetPriority)
    __arm_cp.1_1                             0x080047e8   Number         4  stm32f0xx_hal_cortex.o(.text.__NVIC_SetPriority)
    [Anonymous Symbol]                       0x080047ec   Section        0  main.o(.text.main)
    __arm_cp.0_0                             0x080048b8   Number         4  main.o(.text.main)
    __arm_cp.0_1                             0x080048bc   Number         4  main.o(.text.main)
    __arm_cp.0_2                             0x080048c0   Number         4  main.o(.text.main)
    __arm_cp.0_3                             0x080048c4   Number         4  main.o(.text.main)
    __arm_cp.0_4                             0x080048c8   Number         4  main.o(.text.main)
    __arm_cp.0_5                             0x080048cc   Number         4  main.o(.text.main)
    __arm_cp.0_6                             0x080048d0   Number         4  main.o(.text.main)
    __arm_cp.0_7                             0x080048d4   Number         4  main.o(.text.main)
    __arm_cp.0_8                             0x080048d8   Number         4  main.o(.text.main)
    __arm_cp.0_9                             0x080048dc   Number         4  main.o(.text.main)
    __arm_cp.0_10                            0x080048e0   Number         4  main.o(.text.main)
    __arm_cp.0_11                            0x080048e4   Number         4  main.o(.text.main)
    __arm_cp.0_12                            0x080048e8   Number         4  main.o(.text.main)
    __arm_cp.0_13                            0x080048ec   Number         4  main.o(.text.main)
    __arm_cp.0_14                            0x080048f0   Number         4  main.o(.text.main)
    __arm_cp.0_15                            0x080048f4   Number         4  main.o(.text.main)
    __arm_cp.0_16                            0x080048f8   Number         4  main.o(.text.main)
    __arm_cp.0_17                            0x080048fc   Number         4  main.o(.text.main)
    HAL_RCC_GetSysClockFreq.aPLLMULFactorTable 0x08004918   Data          16  stm32f0xx_hal_rcc.o(.rodata.HAL_RCC_GetSysClockFreq.aPLLMULFactorTable)
    [Anonymous Symbol]                       0x08004918   Section        0  stm32f0xx_hal_rcc.o(.rodata.HAL_RCC_GetSysClockFreq.aPLLMULFactorTable)
    HAL_RCC_GetSysClockFreq.aPredivFactorTable 0x08004928   Data          16  stm32f0xx_hal_rcc.o(.rodata.HAL_RCC_GetSysClockFreq.aPredivFactorTable)
    [Anonymous Symbol]                       0x08004928   Section        0  stm32f0xx_hal_rcc.o(.rodata.HAL_RCC_GetSysClockFreq.aPredivFactorTable)
    .bss                                     0x20000010   Section       96  libspace.o(.bss)
    Heap_Mem                                 0x200003d8   Data         512  startup_stm32f042x6.o(HEAP)
    HEAP                                     0x200003d8   Section      512  startup_stm32f042x6.o(HEAP)
    Stack_Mem                                0x200005d8   Data        1024  startup_stm32f042x6.o(STACK)
    STACK                                    0x200005d8   Section     1024  startup_stm32f042x6.o(STACK)
    __initial_sp                             0x200009d8   Data           0  startup_stm32f042x6.o(STACK)

    Global Symbols

    Symbol Name                              Value     Ov Type        Size  Object(Section)

    BuildAttributes$$THM_ISAv3M$S$PE$A:L22$X:L11$S22$IEEE1$IW$~IW$USESV6$~STKCKD$USESV7$~SHL$OSPACE$ROPI$EBA8$UX$STANDARDLIB$REQ8$PRES8$EABIv2 0x00000000   Number         0  anon$$obj.o ABSOLUTE
    __ARM_exceptions_init                     - Undefined Weak Reference
    __alloca_initialize                       - Undefined Weak Reference
    __arm_preinit_                            - Undefined Weak Reference
    __arm_relocate_pie_                       - Undefined Weak Reference
    __cpp_initialize__aeabi_                  - Undefined Weak Reference
    __cxa_finalize                            - Undefined Weak Reference
    __rt_locale                               - Undefined Weak Reference
    __sigvec_lookup                           - Undefined Weak Reference
    _atexit_init                              - Undefined Weak Reference
    _call_atexit_fns                          - Undefined Weak Reference
    _clock_init                               - Undefined Weak Reference
    _fp_trap_init                             - Undefined Weak Reference
    _fp_trap_shutdown                         - Undefined Weak Reference
    _get_lc_collate                           - Undefined Weak Reference
    _get_lc_ctype                             - Undefined Weak Reference
    _get_lc_monetary                          - Undefined Weak Reference
    _get_lc_numeric                           - Undefined Weak Reference
    _get_lc_time                              - Undefined Weak Reference
    _getenv_init                              - Undefined Weak Reference
    _handle_redirection                       - Undefined Weak Reference
    _init_alloc                               - Undefined Weak Reference
    _init_user_alloc                          - Undefined Weak Reference
    _initio                                   - Undefined Weak Reference
    _rand_init                                - Undefined Weak Reference
    _signal_finish                            - Undefined Weak Reference
    _signal_init                              - Undefined Weak Reference
    _terminate_alloc                          - Undefined Weak Reference
    _terminate_user_alloc                     - Undefined Weak Reference
    _terminateio                              - Undefined Weak Reference
    __Vectors_Size                           0x000000c0   Number         0  startup_stm32f042x6.o ABSOLUTE
    __Vectors                                0x08000000   Data           4  startup_stm32f042x6.o(RESET)
    __Vectors_End                            0x080000c0   Data           0  startup_stm32f042x6.o(RESET)
    __main                                   0x080000c1   Thumb Code     8  __main.o(!!!main)
    __scatterload                            0x080000c9   Thumb Code     0  __scatter.o(!!!scatter)
    __scatterload_rt2                        0x080000c9   Thumb Code    74  __scatter.o(!!!scatter)
    __scatterload_rt2_thumb_only             0x080000c9   Thumb Code     0  __scatter.o(!!!scatter)
    __scatterload_loop                       0x080000d3   Thumb Code     0  __scatter.o(!!!scatter)
    __scatterload_copy                       0x0800011d   Thumb Code    26  __scatter_copy.o(!!handler_copy)
    __scatterload_null                       0x08000139   Thumb Code     2  __scatter.o(!!handler_null)
    __scatterload_zeroinit                   0x0800013d   Thumb Code    28  __scatter_zi.o(!!handler_zi)
    __rt_lib_init                            0x08000159   Thumb Code     0  libinit.o(.ARM.Collect$$libinit$$00000000)
    __rt_lib_init_alloca_1                   0x0800015b   Thumb Code     0  libinit2.o(.ARM.Collect$$libinit$$00000030)
    __rt_lib_init_argv_1                     0x0800015b   Thumb Code     0  libinit2.o(.ARM.Collect$$libinit$$0000002E)
    __rt_lib_init_atexit_1                   0x0800015b   Thumb Code     0  libinit2.o(.ARM.Collect$$libinit$$0000001D)
    __rt_lib_init_clock_1                    0x0800015b   Thumb Code     0  libinit2.o(.ARM.Collect$$libinit$$00000023)
    __rt_lib_init_cpp_1                      0x0800015b   Thumb Code     0  libinit2.o(.ARM.Collect$$libinit$$00000034)
    __rt_lib_init_exceptions_1               0x0800015b   Thumb Code     0  libinit2.o(.ARM.Collect$$libinit$$00000032)
    __rt_lib_init_fp_1                       0x0800015b   Thumb Code     0  libinit2.o(.ARM.Collect$$libinit$$00000002)
    __rt_lib_init_fp_trap_1                  0x0800015b   Thumb Code     0  libinit2.o(.ARM.Collect$$libinit$$00000021)
    __rt_lib_init_getenv_1                   0x0800015b   Thumb Code     0  libinit2.o(.ARM.Collect$$libinit$$00000025)
    __rt_lib_init_heap_1                     0x0800015b   Thumb Code     0  libinit2.o(.ARM.Collect$$libinit$$0000000C)
    __rt_lib_init_lc_collate_1               0x0800015b   Thumb Code     0  libinit2.o(.ARM.Collect$$libinit$$00000013)
    __rt_lib_init_lc_ctype_1                 0x0800015b   Thumb Code     0  libinit2.o(.ARM.Collect$$libinit$$00000015)
    __rt_lib_init_lc_monetary_1              0x0800015b   Thumb Code     0  libinit2.o(.ARM.Collect$$libinit$$00000017)
    __rt_lib_init_lc_numeric_1               0x0800015b   Thumb Code     0  libinit2.o(.ARM.Collect$$libinit$$00000019)
    __rt_lib_init_lc_time_1                  0x0800015b   Thumb Code     0  libinit2.o(.ARM.Collect$$libinit$$0000001B)
    __rt_lib_init_preinit_1                  0x0800015b   Thumb Code     0  libinit2.o(.ARM.Collect$$libinit$$00000006)
    __rt_lib_init_rand_1                     0x0800015b   Thumb Code     0  libinit2.o(.ARM.Collect$$libinit$$00000010)
    __rt_lib_init_relocate_pie_1             0x0800015b   Thumb Code     0  libinit2.o(.ARM.Collect$$libinit$$00000004)
    __rt_lib_init_return                     0x0800015b   Thumb Code     0  libinit2.o(.ARM.Collect$$libinit$$00000035)
    __rt_lib_init_signal_1                   0x0800015b   Thumb Code     0  libinit2.o(.ARM.Collect$$libinit$$0000001F)
    __rt_lib_init_stdio_1                    0x0800015b   Thumb Code     0  libinit2.o(.ARM.Collect$$libinit$$00000027)
    __rt_lib_init_user_alloc_1               0x0800015b   Thumb Code     0  libinit2.o(.ARM.Collect$$libinit$$0000000E)
    __rt_lib_shutdown                        0x0800015d   Thumb Code     0  libshutdown.o(.ARM.Collect$$libshutdown$$00000000)
    __rt_lib_shutdown_cpp_1                  0x0800015f   Thumb Code     0  libshutdown2.o(.ARM.Collect$$libshutdown$$00000002)
    __rt_lib_shutdown_fp_trap_1              0x0800015f   Thumb Code     0  libshutdown2.o(.ARM.Collect$$libshutdown$$00000007)
    __rt_lib_shutdown_heap_1                 0x0800015f   Thumb Code     0  libshutdown2.o(.ARM.Collect$$libshutdown$$0000000F)
    __rt_lib_shutdown_return                 0x0800015f   Thumb Code     0  libshutdown2.o(.ARM.Collect$$libshutdown$$00000010)
    __rt_lib_shutdown_signal_1               0x0800015f   Thumb Code     0  libshutdown2.o(.ARM.Collect$$libshutdown$$0000000A)
    __rt_lib_shutdown_stdio_1                0x0800015f   Thumb Code     0  libshutdown2.o(.ARM.Collect$$libshutdown$$00000004)
    __rt_lib_shutdown_user_alloc_1           0x0800015f   Thumb Code     0  libshutdown2.o(.ARM.Collect$$libshutdown$$0000000C)
    __rt_entry                               0x08000161   Thumb Code     0  __rtentry.o(.ARM.Collect$$rtentry$$00000000)
    __rt_entry_presh_1                       0x08000161   Thumb Code     0  __rtentry2.o(.ARM.Collect$$rtentry$$00000002)
    __rt_entry_sh                            0x08000161   Thumb Code     0  __rtentry4.o(.ARM.Collect$$rtentry$$00000004)
    __rt_entry_li                            0x08000167   Thumb Code     0  __rtentry2.o(.ARM.Collect$$rtentry$$0000000A)
    __rt_entry_postsh_1                      0x08000167   Thumb Code     0  __rtentry2.o(.ARM.Collect$$rtentry$$00000009)
    __rt_entry_main                          0x0800016b   Thumb Code     0  __rtentry2.o(.ARM.Collect$$rtentry$$0000000D)
    __rt_entry_postli_1                      0x0800016b   Thumb Code     0  __rtentry2.o(.ARM.Collect$$rtentry$$0000000C)
    __rt_exit                                0x08000173   Thumb Code     0  rtexit.o(.ARM.Collect$$rtexit$$00000000)
    __rt_exit_ls                             0x08000175   Thumb Code     0  rtexit2.o(.ARM.Collect$$rtexit$$00000003)
    __rt_exit_prels_1                        0x08000175   Thumb Code     0  rtexit2.o(.ARM.Collect$$rtexit$$00000002)
    __rt_exit_exit                           0x08000179   Thumb Code     0  rtexit2.o(.ARM.Collect$$rtexit$$00000004)
    Reset_Handler                            0x08000181   Thumb Code    38  startup_stm32f042x6.o(.text)
    ADC1_IRQHandler                          0x080001b1   Thumb Code     0  startup_stm32f042x6.o(.text)
    CEC_CAN_IRQHandler                       0x080001b1   Thumb Code     0  startup_stm32f042x6.o(.text)
    DMA1_Channel1_IRQHandler                 0x080001b1   Thumb Code     0  startup_stm32f042x6.o(.text)
    EXTI0_1_IRQHandler                       0x080001b1   Thumb Code     0  startup_stm32f042x6.o(.text)
    EXTI2_3_IRQHandler                       0x080001b1   Thumb Code     0  startup_stm32f042x6.o(.text)
    EXTI4_15_IRQHandler                      0x080001b1   Thumb Code     0  startup_stm32f042x6.o(.text)
    FLASH_IRQHandler                         0x080001b1   Thumb Code     0  startup_stm32f042x6.o(.text)
    I2C1_IRQHandler                          0x080001b1   Thumb Code     0  startup_stm32f042x6.o(.text)
    PVD_VDDIO2_IRQHandler                    0x080001b1   Thumb Code     0  startup_stm32f042x6.o(.text)
    RCC_CRS_IRQHandler                       0x080001b1   Thumb Code     0  startup_stm32f042x6.o(.text)
    RTC_IRQHandler                           0x080001b1   Thumb Code     0  startup_stm32f042x6.o(.text)
    SPI1_IRQHandler                          0x080001b1   Thumb Code     0  startup_stm32f042x6.o(.text)
    SPI2_IRQHandler                          0x080001b1   Thumb Code     0  startup_stm32f042x6.o(.text)
    TIM14_IRQHandler                         0x080001b1   Thumb Code     0  startup_stm32f042x6.o(.text)
    TIM16_IRQHandler                         0x080001b1   Thumb Code     0  startup_stm32f042x6.o(.text)
    TIM17_IRQHandler                         0x080001b1   Thumb Code     0  startup_stm32f042x6.o(.text)
    TIM1_BRK_UP_TRG_COM_IRQHandler           0x080001b1   Thumb Code     0  startup_stm32f042x6.o(.text)
    TIM1_CC_IRQHandler                       0x080001b1   Thumb Code     0  startup_stm32f042x6.o(.text)
    TIM2_IRQHandler                          0x080001b1   Thumb Code     0  startup_stm32f042x6.o(.text)
    TIM3_IRQHandler                          0x080001b1   Thumb Code     0  startup_stm32f042x6.o(.text)
    TSC_IRQHandler                           0x080001b1   Thumb Code     0  startup_stm32f042x6.o(.text)
    USB_IRQHandler                           0x080001b1   Thumb Code     0  startup_stm32f042x6.o(.text)
    WWDG_IRQHandler                          0x080001b1   Thumb Code     0  startup_stm32f042x6.o(.text)
    __user_initial_stackheap                 0x080001b5   Thumb Code     0  startup_stm32f042x6.o(.text)
    __aeabi_lmul                             0x080001f5   Thumb Code    48  llmul.o(.text)
    _ll_mul                                  0x080001f5   Thumb Code     0  llmul.o(.text)
    __aeabi_uldivmod                         0x08000225   Thumb Code   272  lludiv.o(.text)
    _ll_udiv                                 0x08000225   Thumb Code     0  lludiv.o(.text)
    _memset_w                                0x08000335   Thumb Code    26  rt_memclr.o(.text)
    _memset                                  0x0800034f   Thumb Code    30  rt_memclr.o(.text)
    __aeabi_memclr                           0x0800036d   Thumb Code     4  rt_memclr.o(.text)
    __rt_memclr                              0x0800036d   Thumb Code     0  rt_memclr.o(.text)
    __aeabi_memclr4                          0x08000371   Thumb Code     0  rt_memclr.o(.text)
    __aeabi_memclr8                          0x08000371   Thumb Code     0  rt_memclr.o(.text)
    __rt_memclr_w                            0x08000371   Thumb Code     4  rt_memclr.o(.text)
    __aeabi_uidiv                            0x08000375   Thumb Code     0  aeabi_sdiv.o(.text)
    __aeabi_uidivmod                         0x08000375   Thumb Code    20  aeabi_sdiv.o(.text)
    __aeabi_idiv                             0x08000389   Thumb Code     0  aeabi_sdiv.o(.text)
    __aeabi_idivmod                          0x08000389   Thumb Code   338  aeabi_sdiv.o(.text)
    __use_two_region_memory                  0x080004e1   Thumb Code     2  heapauxi.o(.text)
    __rt_heap_escrow$2region                 0x080004e3   Thumb Code     2  heapauxi.o(.text)
    __rt_heap_expand$2region                 0x080004e5   Thumb Code     2  heapauxi.o(.text)
    __user_setup_stackheap                   0x080004e7   Thumb Code    62  sys_stackheap_outer.o(.text)
    exit                                     0x08000525   Thumb Code    16  exit.o(.text)
    __user_libspace                          0x08000535   Thumb Code     8  libspace.o(.text)
    __user_perproc_libspace                  0x08000535   Thumb Code     0  libspace.o(.text)
    __user_perthread_libspace                0x08000535   Thumb Code     0  libspace.o(.text)
    _sys_exit                                0x0800053d   Thumb Code     8  sys_exit.o(.text)
    __I$use$semihosting                      0x08000549   Thumb Code     0  use_no_semi.o(.text)
    __use_no_semihosting_swi                 0x08000549   Thumb Code     2  use_no_semi.o(.text)
    __semihosting_library_function           0x0800054b   Thumb Code     0  indicate_semi.o(.text)
    DMA1_Channel2_3_IRQHandler               0x0800054d   Thumb Code    16  stm32f0xx_it.o(.text.DMA1_Channel2_3_IRQHandler)
    DMA1_Channel4_5_IRQHandler               0x08000565   Thumb Code    16  stm32f0xx_it.o(.text.DMA1_Channel4_5_IRQHandler)
    Error_Handler                            0x080005fd   Thumb Code    14  main.o(.text.Error_Handler)
    HAL_DMA_Abort                            0x0800060b   Thumb Code   114  stm32f0xx_hal_dma.o(.text.HAL_DMA_Abort)
    HAL_DMA_Abort_IT                         0x0800067d   Thumb Code   120  stm32f0xx_hal_dma.o(.text.HAL_DMA_Abort_IT)
    HAL_DMA_IRQHandler                       0x080006f5   Thumb Code   322  stm32f0xx_hal_dma.o(.text.HAL_DMA_IRQHandler)
    HAL_DMA_Init                             0x08000839   Thumb Code   136  stm32f0xx_hal_dma.o(.text.HAL_DMA_Init)
    HAL_DMA_Start_IT                         0x080008c5   Thumb Code   202  stm32f0xx_hal_dma.o(.text.HAL_DMA_Start_IT)
    HAL_GPIO_Init                            0x08000991   Thumb Code   688  stm32f0xx_hal_gpio.o(.text.HAL_GPIO_Init)
    HAL_GPIO_TogglePin                       0x08000c5d   Thumb Code    36  stm32f0xx_hal_gpio.o(.text.HAL_GPIO_TogglePin)
    HAL_GPIO_WritePin                        0x08000c81   Thumb Code    44  stm32f0xx_hal_gpio.o(.text.HAL_GPIO_WritePin)
    HAL_GetTick                              0x08000cad   Thumb Code     8  stm32f0xx_hal.o(.text.HAL_GetTick)
    HAL_IncTick                              0x08000cb5   Thumb Code    16  stm32f0xx_hal.o(.text.HAL_IncTick)
    HAL_Init                                 0x08000cc9   Thumb Code    32  stm32f0xx_hal.o(.text.HAL_Init)
    HAL_InitTick                             0x08000ced   Thumb Code   100  stm32f0xx_hal.o(.text.HAL_InitTick)
    HAL_MspInit                              0x08000d5d   Thumb Code    52  stm32f0xx_hal_msp.o(.text.HAL_MspInit)
    HAL_NVIC_EnableIRQ                       0x08000d95   Thumb Code    22  stm32f0xx_hal_cortex.o(.text.HAL_NVIC_EnableIRQ)
    HAL_NVIC_SetPriority                     0x08000dab   Thumb Code    28  stm32f0xx_hal_cortex.o(.text.HAL_NVIC_SetPriority)
    HAL_RCCEx_PeriphCLKConfig                0x08000dc9   Thumb Code   456  stm32f0xx_hal_rcc_ex.o(.text.HAL_RCCEx_PeriphCLKConfig)
    HAL_RCC_ClockConfig                      0x08000fa1   Thumb Code   468  stm32f0xx_hal_rcc.o(.text.HAL_RCC_ClockConfig)
    HAL_RCC_GetHCLKFreq                      0x08001189   Thumb Code     8  stm32f0xx_hal_rcc.o(.text.HAL_RCC_GetHCLKFreq)
    HAL_RCC_GetPCLK1Freq                     0x08001195   Thumb Code    28  stm32f0xx_hal_rcc.o(.text.HAL_RCC_GetPCLK1Freq)
    HAL_RCC_GetSysClockFreq                  0x080011b5   Thumb Code   256  stm32f0xx_hal_rcc.o(.text.HAL_RCC_GetSysClockFreq)
    HAL_RCC_OscConfig                        0x080012cd   Thumb Code  1924  stm32f0xx_hal_rcc.o(.text.HAL_RCC_OscConfig)
    HAL_SYSTICK_Config                       0x08001a6d   Thumb Code    16  stm32f0xx_hal_cortex.o(.text.HAL_SYSTICK_Config)
    HAL_TIMEx_ConfigBreakDeadTime            0x08001a7d   Thumb Code   182  stm32f0xx_hal_tim_ex.o(.text.HAL_TIMEx_ConfigBreakDeadTime)
    HAL_TIMEx_MasterConfigSynchronization    0x08001b35   Thumb Code   192  stm32f0xx_hal_tim_ex.o(.text.HAL_TIMEx_MasterConfigSynchronization)
    HAL_TIM_Base_Init                        0x08001bf5   Thumb Code   158  stm32f0xx_hal_tim.o(.text.HAL_TIM_Base_Init)
    HAL_TIM_Base_MspInit                     0x08001c95   Thumb Code    84  stm32f0xx_hal_msp.o(.text.HAL_TIM_Base_MspInit)
    HAL_TIM_ConfigClockSource                0x08001cf1   Thumb Code   394  stm32f0xx_hal_tim.o(.text.HAL_TIM_ConfigClockSource)
    HAL_TIM_MspPostInit                      0x08001e7d   Thumb Code   152  stm32f0xx_hal_msp.o(.text.HAL_TIM_MspPostInit)
    HAL_TIM_PWM_ConfigChannel                0x08001f25   Thumb Code   368  stm32f0xx_hal_tim.o(.text.HAL_TIM_PWM_ConfigChannel)
    HAL_TIM_PWM_Init                         0x08002095   Thumb Code   158  stm32f0xx_hal_tim.o(.text.HAL_TIM_PWM_Init)
    HAL_TIM_PWM_MspInit                      0x08002133   Thumb Code     8  stm32f0xx_hal_tim.o(.text.HAL_TIM_PWM_MspInit)
    HAL_TIM_PWM_Start                        0x0800213d   Thumb Code   372  stm32f0xx_hal_tim.o(.text.HAL_TIM_PWM_Start)
    HAL_UARTEx_RxEventCallback               0x080022c1   Thumb Code    12  stm32f0xx_hal_uart.o(.text.HAL_UARTEx_RxEventCallback)
    HAL_UARTEx_WakeupCallback                0x080022cd   Thumb Code     8  stm32f0xx_hal_uart_ex.o(.text.HAL_UARTEx_WakeupCallback)
    HAL_UART_ErrorCallback                   0x080022d5   Thumb Code     8  stm32f0xx_hal_uart.o(.text.HAL_UART_ErrorCallback)
    HAL_UART_IRQHandler                      0x080022dd   Thumb Code  1296  stm32f0xx_hal_uart.o(.text.HAL_UART_IRQHandler)
    HAL_UART_Init                            0x080027f1   Thumb Code   176  stm32f0xx_hal_uart.o(.text.HAL_UART_Init)
    HAL_UART_MspInit                         0x080028a1   Thumb Code   480  stm32f0xx_hal_msp.o(.text.HAL_UART_MspInit)
    HAL_UART_Receive_DMA                     0x08002ab9   Thumb Code   198  stm32f0xx_hal_uart.o(.text.HAL_UART_Receive_DMA)
    HAL_UART_RxCpltCallback                  0x08002b81   Thumb Code   232  main.o(.text.HAL_UART_RxCpltCallback)
    HAL_UART_RxHalfCpltCallback              0x08002c89   Thumb Code     8  stm32f0xx_hal_uart.o(.text.HAL_UART_RxHalfCpltCallback)
    HAL_UART_Transmit_DMA                    0x08002c91   Thumb Code   300  stm32f0xx_hal_uart.o(.text.HAL_UART_Transmit_DMA)
    HAL_UART_TxCpltCallback                  0x08002dc9   Thumb Code     8  stm32f0xx_hal_uart.o(.text.HAL_UART_TxCpltCallback)
    HAL_UART_TxHalfCpltCallback              0x08002dd1   Thumb Code     8  stm32f0xx_hal_uart.o(.text.HAL_UART_TxHalfCpltCallback)
    HardFault_Handler                        0x08002dd9   Thumb Code     4  stm32f0xx_it.o(.text.HardFault_Handler)
    HextoASCLL                               0x08002ddd   Thumb Code   164  main.o(.text.HextoASCLL)
    Memcopy                                  0x0800318d   Thumb Code    60  main.o(.text.Memcopy)
    NMI_Handler                              0x080031c9   Thumb Code     4  stm32f0xx_it.o(.text.NMI_Handler)
    Pelco_Frame_Chk                          0x080031cd   Thumb Code   104  main.o(.text.Pelco_Frame_Chk)
    PendSV_Handler                           0x08003235   Thumb Code     2  stm32f0xx_it.o(.text.PendSV_Handler)
    SVC_Handler                              0x08003237   Thumb Code     2  stm32f0xx_it.o(.text.SVC_Handler)
    SysTick_Handler                          0x08003289   Thumb Code    12  stm32f0xx_it.o(.text.SysTick_Handler)
    SysTick_Main                             0x08003295   Thumb Code   624  main.o(.text.SysTick_Main)
    SystemClock_Config                       0x0800355d   Thumb Code   130  main.o(.text.SystemClock_Config)
    SystemInit                               0x080035df   Thumb Code     2  system_stm32f0xx.o(.text.SystemInit)
    TIM_Base_SetConfig                       0x080035e1   Thumb Code   260  stm32f0xx_hal_tim.o(.text.TIM_Base_SetConfig)
    TIM_CCxChannelCmd                        0x080036ed   Thumb Code    50  stm32f0xx_hal_tim.o(.text.TIM_CCxChannelCmd)
    TIM_ETR_SetConfig                        0x0800371f   Thumb Code    54  stm32f0xx_hal_tim.o(.text.TIM_ETR_SetConfig)
    TIM_OC2_SetConfig                        0x0800386d   Thumb Code   268  stm32f0xx_hal_tim.o(.text.TIM_OC2_SetConfig)
    UART_AdvFeatureConfig                    0x08003bed   Thumb Code   346  stm32f0xx_hal_uart.o(.text.UART_AdvFeatureConfig)
    UART_CheckIdleState                      0x08003d49   Thumb Code   344  stm32f0xx_hal_uart.o(.text.UART_CheckIdleState)
    UART_SetConfig                           0x08004261   Thumb Code   624  stm32f0xx_hal_uart.o(.text.UART_SetConfig)
    UART_Start_Receive_DMA                   0x080044e5   Thumb Code   300  stm32f0xx_hal_uart.o(.text.UART_Start_Receive_DMA)
    UART_WaitOnFlagUntilTimeout              0x0800461d   Thumb Code   264  stm32f0xx_hal_uart.o(.text.UART_WaitOnFlagUntilTimeout)
    USART1_IRQHandler                        0x08004725   Thumb Code    12  stm32f0xx_it.o(.text.USART1_IRQHandler)
    USART2_IRQHandler                        0x08004731   Thumb Code    12  stm32f0xx_it.o(.text.USART2_IRQHandler)
    main                                     0x080047ed   Thumb Code   204  main.o(.text.main)
    AHBPrescTable                            0x08004900   Data          16  system_stm32f0xx.o(.rodata.AHBPrescTable)
    APBPrescTable                            0x08004910   Data           8  system_stm32f0xx.o(.rodata.APBPrescTable)
    Region$$Table$$Base                      0x08004938   Number         0  anon$$obj.o(Region$$Table)
    Region$$Table$$Limit                     0x08004958   Number         0  anon$$obj.o(Region$$Table)
    SystemCoreClock                          0x20000000   Data           4  system_stm32f0xx.o(.data.SystemCoreClock)
    uwTickFreq                               0x20000004   Data           1  stm32f0xx_hal.o(.data.uwTickFreq)
    uwTickPrio                               0x20000008   Data           4  stm32f0xx_hal.o(.data.uwTickPrio)
    __libspace_start                         0x20000010   Data          96  libspace.o(.bss)
    __temporary_stack_top$libspace           0x20000070   Data           0  libspace.o(.bss)
    dir                                      0x20000070   Data           1  main.o(.bss.dir)
    hdma_usart1_rx                           0x20000074   Data          68  main.o(.bss.hdma_usart1_rx)
    hdma_usart1_tx                           0x200000b8   Data          68  main.o(.bss.hdma_usart1_tx)
    hdma_usart2_rx                           0x200000fc   Data          68  main.o(.bss.hdma_usart2_rx)
    hdma_usart2_tx                           0x20000140   Data          68  main.o(.bss.hdma_usart2_tx)
    htim1                                    0x20000184   Data          72  main.o(.bss.htim1)
    htim3                                    0x200001cc   Data          72  main.o(.bss.htim3)
    huart1                                   0x20000214   Data         136  main.o(.bss.huart1)
    huart2                                   0x2000029c   Data         136  main.o(.bss.huart2)
    mode                                     0x20000324   Data           1  main.o(.bss.mode)
    pelco_cmd_buf                            0x20000325   Data           7  main.o(.bss.pelco_cmd_buf)
    pelco_cmd_now                            0x2000032c   Data           7  main.o(.bss.pelco_cmd_now)
    pelco_cmd_old                            0x20000333   Data           7  main.o(.bss.pelco_cmd_old)
    pelco_recv_flg                           0x2000033a   Data           1  main.o(.bss.pelco_recv_flg)
    recv1                                    0x2000033b   Data          32  main.o(.bss.recv1)
    recv2                                    0x2000035b   Data          32  main.o(.bss.recv2)
    send1                                    0x2000037b   Data          32  main.o(.bss.send1)
    send2                                    0x2000039b   Data          32  main.o(.bss.send2)
    servo_pan_cnt                            0x200003bc   Data           2  main.o(.bss.servo_pan_cnt)
    servo_pan_cnt_max                        0x200003be   Data           2  main.o(.bss.servo_pan_cnt_max)
    servo_pwm_pan                            0x200003c0   Data           2  main.o(.bss.servo_pwm_pan)
    servo_pwm_tilt                           0x200003c2   Data           2  main.o(.bss.servo_pwm_tilt)
    servo_sts_pan                            0x200003c4   Data           2  main.o(.bss.servo_sts_pan)
    servo_sts_tilt                           0x200003c6   Data           2  main.o(.bss.servo_sts_tilt)
    servo_tilt_cnt                           0x200003c8   Data           2  main.o(.bss.servo_tilt_cnt)
    servo_tilt_cnt_max                       0x200003ca   Data           2  main.o(.bss.servo_tilt_cnt_max)
    systick_cnt                              0x200003cc   Data           2  main.o(.bss.systick_cnt)
    uwTick                                   0x200003d0   Data           4  stm32f0xx_hal.o(.bss.uwTick)



==============================================================================

Memory Map of the image

  Image Entry point : 0x080000c1

  Load Region LR_IROM1 (Base: 0x08000000, Size: 0x00004968, Max: 0x00008000, ABSOLUTE)

    Execution Region ER_IROM1 (Exec base: 0x08000000, Load base: 0x08000000, Size: 0x00004958, Max: 0x00008000, ABSOLUTE)

    Exec Addr    Load Addr    Size         Type   Attr      Idx    E Section Name        Object

    0x08000000   0x08000000   0x000000c0   Data   RO            3    RESET               startup_stm32f042x6.o
    0x080000c0   0x080000c0   0x00000008   Code   RO         1228  * !!!main             c_p.l(__main.o)
    0x080000c8   0x080000c8   0x00000054   Code   RO         1409    !!!scatter          c_p.l(__scatter.o)
    0x0800011c   0x0800011c   0x0000001a   Code   RO         1413    !!handler_copy      c_p.l(__scatter_copy.o)
    0x08000136   0x08000136   0x00000002   PAD
    0x08000138   0x08000138   0x00000002   Code   RO         1410    !!handler_null      c_p.l(__scatter.o)
    0x0800013a   0x0800013a   0x00000002   PAD
    0x0800013c   0x0800013c   0x0000001c   Code   RO         1415    !!handler_zi        c_p.l(__scatter_zi.o)
    0x08000158   0x08000158   0x00000002   Code   RO         1270    .ARM.Collect$$libinit$$00000000  c_p.l(libinit.o)
    0x0800015a   0x0800015a   0x00000000   Code   RO         1284    .ARM.Collect$$libinit$$00000002  c_p.l(libinit2.o)
    0x0800015a   0x0800015a   0x00000000   Code   RO         1286    .ARM.Collect$$libinit$$00000004  c_p.l(libinit2.o)
    0x0800015a   0x0800015a   0x00000000   Code   RO         1288    .ARM.Collect$$libinit$$00000006  c_p.l(libinit2.o)
    0x0800015a   0x0800015a   0x00000000   Code   RO         1291    .ARM.Collect$$libinit$$0000000C  c_p.l(libinit2.o)
    0x0800015a   0x0800015a   0x00000000   Code   RO         1293    .ARM.Collect$$libinit$$0000000E  c_p.l(libinit2.o)
    0x0800015a   0x0800015a   0x00000000   Code   RO         1295    .ARM.Collect$$libinit$$00000010  c_p.l(libinit2.o)
    0x0800015a   0x0800015a   0x00000000   Code   RO         1298    .ARM.Collect$$libinit$$00000013  c_p.l(libinit2.o)
    0x0800015a   0x0800015a   0x00000000   Code   RO         1300    .ARM.Collect$$libinit$$00000015  c_p.l(libinit2.o)
    0x0800015a   0x0800015a   0x00000000   Code   RO         1302    .ARM.Collect$$libinit$$00000017  c_p.l(libinit2.o)
    0x0800015a   0x0800015a   0x00000000   Code   RO         1304    .ARM.Collect$$libinit$$00000019  c_p.l(libinit2.o)
    0x0800015a   0x0800015a   0x00000000   Code   RO         1306    .ARM.Collect$$libinit$$0000001B  c_p.l(libinit2.o)
    0x0800015a   0x0800015a   0x00000000   Code   RO         1308    .ARM.Collect$$libinit$$0000001D  c_p.l(libinit2.o)
    0x0800015a   0x0800015a   0x00000000   Code   RO         1310    .ARM.Collect$$libinit$$0000001F  c_p.l(libinit2.o)
    0x0800015a   0x0800015a   0x00000000   Code   RO         1312    .ARM.Collect$$libinit$$00000021  c_p.l(libinit2.o)
    0x0800015a   0x0800015a   0x00000000   Code   RO         1314    .ARM.Collect$$libinit$$00000023  c_p.l(libinit2.o)
    0x0800015a   0x0800015a   0x00000000   Code   RO         1316    .ARM.Collect$$libinit$$00000025  c_p.l(libinit2.o)
    0x0800015a   0x0800015a   0x00000000   Code   RO         1318    .ARM.Collect$$libinit$$00000027  c_p.l(libinit2.o)
    0x0800015a   0x0800015a   0x00000000   Code   RO         1322    .ARM.Collect$$libinit$$0000002E  c_p.l(libinit2.o)
    0x0800015a   0x0800015a   0x00000000   Code   RO         1324    .ARM.Collect$$libinit$$00000030  c_p.l(libinit2.o)
    0x0800015a   0x0800015a   0x00000000   Code   RO         1326    .ARM.Collect$$libinit$$00000032  c_p.l(libinit2.o)
    0x0800015a   0x0800015a   0x00000000   Code   RO         1328    .ARM.Collect$$libinit$$00000034  c_p.l(libinit2.o)
    0x0800015a   0x0800015a   0x00000002   Code   RO         1329    .ARM.Collect$$libinit$$00000035  c_p.l(libinit2.o)
    0x0800015c   0x0800015c   0x00000002   Code   RO         1364    .ARM.Collect$$libshutdown$$00000000  c_p.l(libshutdown.o)
    0x0800015e   0x0800015e   0x00000000   Code   RO         1392    .ARM.Collect$$libshutdown$$00000002  c_p.l(libshutdown2.o)
    0x0800015e   0x0800015e   0x00000000   Code   RO         1394    .ARM.Collect$$libshutdown$$00000004  c_p.l(libshutdown2.o)
    0x0800015e   0x0800015e   0x00000000   Code   RO         1397    .ARM.Collect$$libshutdown$$00000007  c_p.l(libshutdown2.o)
    0x0800015e   0x0800015e   0x00000000   Code   RO         1400    .ARM.Collect$$libshutdown$$0000000A  c_p.l(libshutdown2.o)
    0x0800015e   0x0800015e   0x00000000   Code   RO         1402    .ARM.Collect$$libshutdown$$0000000C  c_p.l(libshutdown2.o)
    0x0800015e   0x0800015e   0x00000000   Code   RO         1405    .ARM.Collect$$libshutdown$$0000000F  c_p.l(libshutdown2.o)
    0x0800015e   0x0800015e   0x00000002   Code   RO         1406    .ARM.Collect$$libshutdown$$00000010  c_p.l(libshutdown2.o)
    0x08000160   0x08000160   0x00000000   Code   RO         1230    .ARM.Collect$$rtentry$$00000000  c_p.l(__rtentry.o)
    0x08000160   0x08000160   0x00000000   Code   RO         1240    .ARM.Collect$$rtentry$$00000002  c_p.l(__rtentry2.o)
    0x08000160   0x08000160   0x00000006   Code   RO         1252    .ARM.Collect$$rtentry$$00000004  c_p.l(__rtentry4.o)
    0x08000166   0x08000166   0x00000000   Code   RO         1242    .ARM.Collect$$rtentry$$00000009  c_p.l(__rtentry2.o)
    0x08000166   0x08000166   0x00000004   Code   RO         1243    .ARM.Collect$$rtentry$$0000000A  c_p.l(__rtentry2.o)
    0x0800016a   0x0800016a   0x00000000   Code   RO         1245    .ARM.Collect$$rtentry$$0000000C  c_p.l(__rtentry2.o)
    0x0800016a   0x0800016a   0x00000008   Code   RO         1246    .ARM.Collect$$rtentry$$0000000D  c_p.l(__rtentry2.o)
    0x08000172   0x08000172   0x00000002   Code   RO         1275    .ARM.Collect$$rtexit$$00000000  c_p.l(rtexit.o)
    0x08000174   0x08000174   0x00000000   Code   RO         1335    .ARM.Collect$$rtexit$$00000002  c_p.l(rtexit2.o)
    0x08000174   0x08000174   0x00000004   Code   RO         1336    .ARM.Collect$$rtexit$$00000003  c_p.l(rtexit2.o)
    0x08000178   0x08000178   0x00000006   Code   RO         1337    .ARM.Collect$$rtexit$$00000004  c_p.l(rtexit2.o)
    0x0800017e   0x0800017e   0x00000002   PAD
    0x08000180   0x08000180   0x00000074   Code   RO            4    .text               startup_stm32f042x6.o
    0x080001f4   0x080001f4   0x00000030   Code   RO         1216    .text               c_p.l(llmul.o)
    0x08000224   0x08000224   0x00000110   Code   RO         1218    .text               c_p.l(lludiv.o)
    0x08000334   0x08000334   0x00000040   Code   RO         1220    .text               c_p.l(rt_memclr.o)
    0x08000374   0x08000374   0x0000016c   Code   RO         1222    .text               c_p.l(aeabi_sdiv.o)
    0x080004e0   0x080004e0   0x00000006   Code   RO         1226    .text               c_p.l(heapauxi.o)
    0x080004e6   0x080004e6   0x0000003e   Code   RO         1256    .text               c_p.l(sys_stackheap_outer.o)
    0x08000524   0x08000524   0x00000010   Code   RO         1259    .text               c_p.l(exit.o)
    0x08000534   0x08000534   0x00000008   Code   RO         1271    .text               c_p.l(libspace.o)
    0x0800053c   0x0800053c   0x0000000c   Code   RO         1330    .text               c_p.l(sys_exit.o)
    0x08000548   0x08000548   0x00000002   Code   RO         1353    .text               c_p.l(use_no_semi.o)
    0x0800054a   0x0800054a   0x00000000   Code   RO         1355    .text               c_p.l(indicate_semi.o)
    0x0800054a   0x0800054a   0x00000002   PAD
    0x0800054c   0x0800054c   0x00000018   Code   RO           88    .text.DMA1_Channel2_3_IRQHandler  stm32f0xx_it.o
    0x08000564   0x08000564   0x00000018   Code   RO           90    .text.DMA1_Channel4_5_IRQHandler  stm32f0xx_it.o
    0x0800057c   0x0800057c   0x00000030   Code   RO          793    .text.DMA_CalcBaseAndBitshift  stm32f0xx_hal_dma.o
    0x080005ac   0x080005ac   0x00000050   Code   RO          799    .text.DMA_SetConfig  stm32f0xx_hal_dma.o
    0x080005fc   0x080005fc   0x0000000e   Code   RO           27    .text.Error_Handler  main.o
    0x0800060a   0x0800060a   0x00000072   Code   RO          803    .text.HAL_DMA_Abort  stm32f0xx_hal_dma.o
    0x0800067c   0x0800067c   0x00000078   Code   RO          805    .text.HAL_DMA_Abort_IT  stm32f0xx_hal_dma.o
    0x080006f4   0x080006f4   0x00000142   Code   RO          809    .text.HAL_DMA_IRQHandler  stm32f0xx_hal_dma.o
    0x08000836   0x08000836   0x00000002   PAD
    0x08000838   0x08000838   0x0000008c   Code   RO          791    .text.HAL_DMA_Init  stm32f0xx_hal_dma.o
    0x080008c4   0x080008c4   0x000000ca   Code   RO          801    .text.HAL_DMA_Start_IT  stm32f0xx_hal_dma.o
    0x0800098e   0x0800098e   0x00000002   PAD
    0x08000990   0x08000990   0x000002cc   Code   RO          768    .text.HAL_GPIO_Init  stm32f0xx_hal_gpio.o
    0x08000c5c   0x08000c5c   0x00000024   Code   RO          776    .text.HAL_GPIO_TogglePin  stm32f0xx_hal_gpio.o
    0x08000c80   0x08000c80   0x0000002c   Code   RO          774    .text.HAL_GPIO_WritePin  stm32f0xx_hal_gpio.o
    0x08000cac   0x08000cac   0x00000008   Code   RO          536    .text.HAL_GetTick   stm32f0xx_hal.o
    0x08000cb4   0x08000cb4   0x00000014   Code   RO          534    .text.HAL_IncTick   stm32f0xx_hal.o
    0x08000cc8   0x08000cc8   0x00000024   Code   RO          524    .text.HAL_Init      stm32f0xx_hal.o
    0x08000cec   0x08000cec   0x00000070   Code   RO          526    .text.HAL_InitTick  stm32f0xx_hal.o
    0x08000d5c   0x08000d5c   0x00000038   Code   RO          103    .text.HAL_MspInit   stm32f0xx_hal_msp.o
    0x08000d94   0x08000d94   0x00000016   Code   RO          830    .text.HAL_NVIC_EnableIRQ  stm32f0xx_hal_cortex.o
    0x08000daa   0x08000daa   0x0000001c   Code   RO          826    .text.HAL_NVIC_SetPriority  stm32f0xx_hal_cortex.o
    0x08000dc6   0x08000dc6   0x00000002   PAD
    0x08000dc8   0x08000dc8   0x000001d8   Code   RO          493    .text.HAL_RCCEx_PeriphCLKConfig  stm32f0xx_hal_rcc_ex.o
    0x08000fa0   0x08000fa0   0x000001e8   Code   RO          462    .text.HAL_RCC_ClockConfig  stm32f0xx_hal_rcc.o
    0x08001188   0x08001188   0x0000000c   Code   RO          472    .text.HAL_RCC_GetHCLKFreq  stm32f0xx_hal_rcc.o
    0x08001194   0x08001194   0x00000020   Code   RO          474    .text.HAL_RCC_GetPCLK1Freq  stm32f0xx_hal_rcc.o
    0x080011b4   0x080011b4   0x00000118   Code   RO          464    .text.HAL_RCC_GetSysClockFreq  stm32f0xx_hal_rcc.o
    0x080012cc   0x080012cc   0x000007a0   Code   RO          460    .text.HAL_RCC_OscConfig  stm32f0xx_hal_rcc.o
    0x08001a6c   0x08001a6c   0x00000010   Code   RO          842    .text.HAL_SYSTICK_Config  stm32f0xx_hal_cortex.o
    0x08001a7c   0x08001a7c   0x000000b6   Code   RO          437    .text.HAL_TIMEx_ConfigBreakDeadTime  stm32f0xx_hal_tim_ex.o
    0x08001b32   0x08001b32   0x00000002   PAD
    0x08001b34   0x08001b34   0x000000c0   Code   RO          435    .text.HAL_TIMEx_MasterConfigSynchronization  stm32f0xx_hal_tim_ex.o
    0x08001bf4   0x08001bf4   0x0000009e   Code   RO          122    .text.HAL_TIM_Base_Init  stm32f0xx_hal_tim.o
    0x08001c92   0x08001c92   0x00000002   PAD
    0x08001c94   0x08001c94   0x0000005c   Code   RO          105    .text.HAL_TIM_Base_MspInit  stm32f0xx_hal_msp.o
    0x08001cf0   0x08001cf0   0x0000018a   Code   RO          314    .text.HAL_TIM_ConfigClockSource  stm32f0xx_hal_tim.o
    0x08001e7a   0x08001e7a   0x00000002   PAD
    0x08001e7c   0x08001e7c   0x000000a8   Code   RO          107    .text.HAL_TIM_MspPostInit  stm32f0xx_hal_msp.o
    0x08001f24   0x08001f24   0x00000170   Code   RO          288    .text.HAL_TIM_PWM_ConfigChannel  stm32f0xx_hal_tim.o
    0x08002094   0x08002094   0x0000009e   Code   RO          176    .text.HAL_TIM_PWM_Init  stm32f0xx_hal_tim.o
    0x08002132   0x08002132   0x00000008   Code   RO          178    .text.HAL_TIM_PWM_MspInit  stm32f0xx_hal_tim.o
    0x0800213a   0x0800213a   0x00000002   PAD
    0x0800213c   0x0800213c   0x00000184   Code   RO          184    .text.HAL_TIM_PWM_Start  stm32f0xx_hal_tim.o
    0x080022c0   0x080022c0   0x0000000c   Code   RO         1121    .text.HAL_UARTEx_RxEventCallback  stm32f0xx_hal_uart.o
    0x080022cc   0x080022cc   0x00000008   Code   RO         1172    .text.HAL_UARTEx_WakeupCallback  stm32f0xx_hal_uart_ex.o
    0x080022d4   0x080022d4   0x00000008   Code   RO         1119    .text.HAL_UART_ErrorCallback  stm32f0xx_hal_uart.o
    0x080022dc   0x080022dc   0x00000514   Code   RO         1115    .text.HAL_UART_IRQHandler  stm32f0xx_hal_uart.o
    0x080027f0   0x080027f0   0x000000b0   Code   RO         1031    .text.HAL_UART_Init  stm32f0xx_hal_uart.o
    0x080028a0   0x080028a0   0x00000218   Code   RO          111    .text.HAL_UART_MspInit  stm32f0xx_hal_msp.o
    0x08002ab8   0x08002ab8   0x000000c6   Code   RO         1075    .text.HAL_UART_Receive_DMA  stm32f0xx_hal_uart.o
    0x08002b7e   0x08002b7e   0x00000002   PAD
    0x08002b80   0x08002b80   0x00000108   Code   RO           33    .text.HAL_UART_RxCpltCallback  main.o
    0x08002c88   0x08002c88   0x00000008   Code   RO         1131    .text.HAL_UART_RxHalfCpltCallback  stm32f0xx_hal_uart.o
    0x08002c90   0x08002c90   0x00000138   Code   RO         1067    .text.HAL_UART_Transmit_DMA  stm32f0xx_hal_uart.o
    0x08002dc8   0x08002dc8   0x00000008   Code   RO         1125    .text.HAL_UART_TxCpltCallback  stm32f0xx_hal_uart.o
    0x08002dd0   0x08002dd0   0x00000008   Code   RO         1127    .text.HAL_UART_TxHalfCpltCallback  stm32f0xx_hal_uart.o
    0x08002dd8   0x08002dd8   0x00000004   Code   RO           80    .text.HardFault_Handler  stm32f0xx_it.o
    0x08002ddc   0x08002ddc   0x000000a4   Code   RO           29    .text.HextoASCLL    main.o
    0x08002e80   0x08002e80   0x00000044   Code   RO           17    .text.MX_DMA_Init   main.o
    0x08002ec4   0x08002ec4   0x00000074   Code   RO           15    .text.MX_GPIO_Init  main.o
    0x08002f38   0x08002f38   0x00000104   Code   RO           19    .text.MX_TIM1_Init  main.o
    0x0800303c   0x0800303c   0x000000c8   Code   RO           21    .text.MX_TIM3_Init  main.o
    0x08003104   0x08003104   0x00000044   Code   RO           23    .text.MX_USART1_UART_Init  main.o
    0x08003148   0x08003148   0x00000044   Code   RO           25    .text.MX_USART2_UART_Init  main.o
    0x0800318c   0x0800318c   0x0000003c   Code   RO           31    .text.Memcopy       main.o
    0x080031c8   0x080031c8   0x00000004   Code   RO           78    .text.NMI_Handler   stm32f0xx_it.o
    0x080031cc   0x080031cc   0x00000068   Code   RO           35    .text.Pelco_Frame_Chk  main.o
    0x08003234   0x08003234   0x00000002   Code   RO           84    .text.PendSV_Handler  stm32f0xx_it.o
    0x08003236   0x08003236   0x00000002   Code   RO           82    .text.SVC_Handler   stm32f0xx_it.o
    0x08003238   0x08003238   0x00000050   Code   RO          844    .text.SysTick_Config  stm32f0xx_hal_cortex.o
    0x08003288   0x08003288   0x0000000c   Code   RO           86    .text.SysTick_Handler  stm32f0xx_it.o
    0x08003294   0x08003294   0x000002c8   Code   RO           37    .text.SysTick_Main  main.o
    0x0800355c   0x0800355c   0x00000082   Code   RO           13    .text.SystemClock_Config  main.o
    0x080035de   0x080035de   0x00000002   Code   RO         1199    .text.SystemInit    system_stm32f0xx.o
    0x080035e0   0x080035e0   0x0000010c   Code   RO          126    .text.TIM_Base_SetConfig  stm32f0xx_hal_tim.o
    0x080036ec   0x080036ec   0x00000032   Code   RO          160    .text.TIM_CCxChannelCmd  stm32f0xx_hal_tim.o
    0x0800371e   0x0800371e   0x00000036   Code   RO          312    .text.TIM_ETR_SetConfig  stm32f0xx_hal_tim.o
    0x08003754   0x08003754   0x0000002a   Code   RO          318    .text.TIM_ITRx_SetConfig  stm32f0xx_hal_tim.o
    0x0800377e   0x0800377e   0x00000002   PAD
    0x08003780   0x08003780   0x000000ec   Code   RO          270    .text.TIM_OC1_SetConfig  stm32f0xx_hal_tim.o
    0x0800386c   0x0800386c   0x00000118   Code   RO          272    .text.TIM_OC2_SetConfig  stm32f0xx_hal_tim.o
    0x08003984   0x08003984   0x0000010c   Code   RO          274    .text.TIM_OC3_SetConfig  stm32f0xx_hal_tim.o
    0x08003a90   0x08003a90   0x000000b8   Code   RO          276    .text.TIM_OC4_SetConfig  stm32f0xx_hal_tim.o
    0x08003b48   0x08003b48   0x00000050   Code   RO          316    .text.TIM_TI1_ConfigInputStage  stm32f0xx_hal_tim.o
    0x08003b98   0x08003b98   0x00000054   Code   RO          320    .text.TIM_TI2_ConfigInputStage  stm32f0xx_hal_tim.o
    0x08003bec   0x08003bec   0x0000015a   Code   RO         1035    .text.UART_AdvFeatureConfig  stm32f0xx_hal_uart.o
    0x08003d46   0x08003d46   0x00000002   PAD
    0x08003d48   0x08003d48   0x0000015c   Code   RO         1039    .text.UART_CheckIdleState  stm32f0xx_hal_uart.o
    0x08003ea4   0x08003ea4   0x00000024   Code   RO         1117    .text.UART_DMAAbortOnError  stm32f0xx_hal_uart.o
    0x08003ec8   0x08003ec8   0x0000007c   Code   RO         1073    .text.UART_DMAError  stm32f0xx_hal_uart.o
    0x08003f44   0x08003f44   0x00000112   Code   RO         1159    .text.UART_DMAReceiveCplt  stm32f0xx_hal_uart.o
    0x08004056   0x08004056   0x00000036   Code   RO         1161    .text.UART_DMARxHalfCplt  stm32f0xx_hal_uart.o
    0x0800408c   0x0800408c   0x00000088   Code   RO         1069    .text.UART_DMATransmitCplt  stm32f0xx_hal_uart.o
    0x08004114   0x08004114   0x00000016   Code   RO         1071    .text.UART_DMATxHalfCplt  stm32f0xx_hal_uart.o
    0x0800412a   0x0800412a   0x000000b0   Code   RO         1087    .text.UART_EndRxTransfer  stm32f0xx_hal_uart.o
    0x080041da   0x080041da   0x0000004a   Code   RO         1123    .text.UART_EndTransmit_IT  stm32f0xx_hal_uart.o
    0x08004224   0x08004224   0x0000003c   Code   RO         1085    .text.UART_EndTxTransfer  stm32f0xx_hal_uart.o
    0x08004260   0x08004260   0x00000284   Code   RO         1037    .text.UART_SetConfig  stm32f0xx_hal_uart.o
    0x080044e4   0x080044e4   0x00000138   Code   RO         1077    .text.UART_Start_Receive_DMA  stm32f0xx_hal_uart.o
    0x0800461c   0x0800461c   0x00000108   Code   RO         1053    .text.UART_WaitOnFlagUntilTimeout  stm32f0xx_hal_uart.o
    0x08004724   0x08004724   0x0000000c   Code   RO           92    .text.USART1_IRQHandler  stm32f0xx_it.o
    0x08004730   0x08004730   0x0000000c   Code   RO           94    .text.USART2_IRQHandler  stm32f0xx_it.o
    0x0800473c   0x0800473c   0x0000002c   Code   RO          832    .text.__NVIC_EnableIRQ  stm32f0xx_hal_cortex.o
    0x08004768   0x08004768   0x00000084   Code   RO          828    .text.__NVIC_SetPriority  stm32f0xx_hal_cortex.o
    0x080047ec   0x080047ec   0x00000114   Code   RO           11    .text.main          main.o
    0x08004900   0x08004900   0x00000010   Data   RO         1204    .rodata.AHBPrescTable  system_stm32f0xx.o
    0x08004910   0x08004910   0x00000008   Data   RO         1205    .rodata.APBPrescTable  system_stm32f0xx.o
    0x08004918   0x08004918   0x00000010   Data   RO          484    .rodata.HAL_RCC_GetSysClockFreq.aPLLMULFactorTable  stm32f0xx_hal_rcc.o
    0x08004928   0x08004928   0x00000010   Data   RO          485    .rodata.HAL_RCC_GetSysClockFreq.aPredivFactorTable  stm32f0xx_hal_rcc.o
    0x08004938   0x08004938   0x00000020   Data   RO         1408    Region$$Table       anon$$obj.o


    Execution Region RW_IRAM1 (Exec base: 0x20000000, Load base: 0x08004958, Size: 0x000009d8, Max: 0x00001800, ABSOLUTE)

    Exec Addr    Load Addr    Size         Type   Attr      Idx    E Section Name        Object

    0x20000000   0x08004958   0x00000004   Data   RW         1203    .data.SystemCoreClock  system_stm32f0xx.o
    0x20000004   0x0800495c   0x00000001   Data   RW          571    .data.uwTickFreq    stm32f0xx_hal.o
    0x20000005   0x0800495d   0x00000003   PAD
    0x20000008   0x08004960   0x00000004   Data   RW          570    .data.uwTickPrio    stm32f0xx_hal.o
    0x2000000c   0x08004964   0x00000004   PAD
    0x20000010        -       0x00000060   Zero   RW         1272    .bss                c_p.l(libspace.o)
    0x20000070        -       0x00000001   Zero   RW           40    .bss.dir            main.o
    0x20000071   0x08004964   0x00000003   PAD
    0x20000074        -       0x00000044   Zero   RW           62    .bss.hdma_usart1_rx  main.o
    0x200000b8        -       0x00000044   Zero   RW           63    .bss.hdma_usart1_tx  main.o
    0x200000fc        -       0x00000044   Zero   RW           64    .bss.hdma_usart2_rx  main.o
    0x20000140        -       0x00000044   Zero   RW           65    .bss.hdma_usart2_tx  main.o
    0x20000184        -       0x00000048   Zero   RW           50    .bss.htim1          main.o
    0x200001cc        -       0x00000048   Zero   RW           51    .bss.htim3          main.o
    0x20000214        -       0x00000088   Zero   RW           52    .bss.huart1         main.o
    0x2000029c        -       0x00000088   Zero   RW           54    .bss.huart2         main.o
    0x20000324        -       0x00000001   Zero   RW           39    .bss.mode           main.o
    0x20000325        -       0x00000007   Zero   RW           56    .bss.pelco_cmd_buf  main.o
    0x2000032c        -       0x00000007   Zero   RW           58    .bss.pelco_cmd_now  main.o
    0x20000333        -       0x00000007   Zero   RW           59    .bss.pelco_cmd_old  main.o
    0x2000033a        -       0x00000001   Zero   RW           57    .bss.pelco_recv_flg  main.o
    0x2000033b        -       0x00000020   Zero   RW           53    .bss.recv1          main.o
    0x2000035b        -       0x00000020   Zero   RW           55    .bss.recv2          main.o
    0x2000037b        -       0x00000020   Zero   RW           47    .bss.send1          main.o
    0x2000039b        -       0x00000020   Zero   RW           48    .bss.send2          main.o
    0x200003bb   0x08004964   0x00000001   PAD
    0x200003bc        -       0x00000002   Zero   RW           60    .bss.servo_pan_cnt  main.o
    0x200003be        -       0x00000002   Zero   RW           41    .bss.servo_pan_cnt_max  main.o
    0x200003c0        -       0x00000002   Zero   RW           43    .bss.servo_pwm_pan  main.o
    0x200003c2        -       0x00000002   Zero   RW           44    .bss.servo_pwm_tilt  main.o
    0x200003c4        -       0x00000002   Zero   RW           45    .bss.servo_sts_pan  main.o
    0x200003c6        -       0x00000002   Zero   RW           46    .bss.servo_sts_tilt  main.o
    0x200003c8        -       0x00000002   Zero   RW           61    .bss.servo_tilt_cnt  main.o
    0x200003ca        -       0x00000002   Zero   RW           42    .bss.servo_tilt_cnt_max  main.o
    0x200003cc        -       0x00000002   Zero   RW           49    .bss.systick_cnt    main.o
    0x200003ce   0x08004964   0x00000002   PAD
    0x200003d0        -       0x00000004   Zero   RW          572    .bss.uwTick         stm32f0xx_hal.o
    0x200003d4   0x08004964   0x00000004   PAD
    0x200003d8        -       0x00000200   Zero   RW            2    HEAP                startup_stm32f042x6.o
    0x200005d8        -       0x00000400   Zero   RW            1    STACK               startup_stm32f042x6.o


==============================================================================

Image component sizes


      Code (inc. data)   RO Data    RW Data    ZI Data      Debug   Object Name

      2504        236          0          0        858      12577   main.o
       116         56        192          0       1536        656   startup_stm32f042x6.o
       176         20          0          5          4       5198   stm32f0xx_hal.o
       322         24          0          0          0       5175   stm32f0xx_hal_cortex.o
      1026         12          0          0          0       6402   stm32f0xx_hal_dma.o
       796         28          0          0          0       4542   stm32f0xx_hal_gpio.o
       852         84          0          0          0       7947   stm32f0xx_hal_msp.o
      2764        156         32          0          0       7938   stm32f0xx_hal_rcc.o
       472         16          0          0          0       5755   stm32f0xx_hal_rcc_ex.o
      3020        104          0          0          0      37296   stm32f0xx_hal_tim.o
       374          0          0          0          0      15606   stm32f0xx_hal_tim_ex.o
      4900        148          0          0          0      34333   stm32f0xx_hal_uart.o
         8          0          0          0          0       7672   stm32f0xx_hal_uart_ex.o
        96         16          0          0          0       1112   stm32f0xx_it.o
         2          0         24          4          0       1665   system_stm32f0xx.o

    ----------------------------------------------------------------------
     17448        900        280         12       2412     153874   Object Totals
         0          0         32          0          0          0   (incl. Generated)
        20          0          0          3         14          0   (incl. Padding)

    ----------------------------------------------------------------------

      Code (inc. data)   RO Data    RW Data    ZI Data      Debug   Library Member Name

         8          0          0          0          0         68   __main.o
         0          0          0          0          0          0   __rtentry.o
        12          0          0          0          0          0   __rtentry2.o
         6          0          0          0          0          0   __rtentry4.o
        86         10          0          0          0          0   __scatter.o
        26          0          0          0          0          0   __scatter_copy.o
        28          0          0          0          0          0   __scatter_zi.o
       364          4          0          0          0         92   aeabi_sdiv.o
        16          0          0          0          0         68   exit.o
         6          0          0          0          0        136   heapauxi.o
         0          0          0          0          0          0   indicate_semi.o
         2          0          0          0          0          0   libinit.o
         2          0          0          0          0          0   libinit2.o
         2          0          0          0          0          0   libshutdown.o
         2          0          0          0          0          0   libshutdown2.o
         8          4          0          0         96         68   libspace.o
        48          0          0          0          0         72   llmul.o
       272          0          0          0          0         88   lludiv.o
        64          0          0          0          0        108   rt_memclr.o
         2          0          0          0          0          0   rtexit.o
        10          0          0          0          0          0   rtexit2.o
        12          4          0          0          0         60   sys_exit.o
        62          0          0          0          0         80   sys_stackheap_outer.o
         2          0          0          0          0         68   use_no_semi.o

    ----------------------------------------------------------------------
      1048         22          0          0         96        908   Library Totals
         8          0          0          0          0          0   (incl. Padding)

    ----------------------------------------------------------------------

      Code (inc. data)   RO Data    RW Data    ZI Data      Debug   Library Name

      1040         22          0          0         96        908   c_p.l

    ----------------------------------------------------------------------
      1048         22          0          0         96        908   Library Totals

    ----------------------------------------------------------------------

==============================================================================


      Code (inc. data)   RO Data    RW Data    ZI Data      Debug   

     18496        922        280         12       2508     154314   Grand Totals
     18496        922        280         12       2508     154314   ELF Image Totals
     18496        922        280         12          0          0   ROM Totals

==============================================================================

    Total RO  Size (Code + RO Data)                18776 (  18.34kB)
    Total RW  Size (RW Data + ZI Data)              2520 (   2.46kB)
    Total ROM Size (Code + RO Data + RW Data)      18788 (  18.35kB)

==============================================================================

