<html>
<body>
<pre>
<h1>µVision Build Log</h1>
<h2>Tool Versions:</h2>
IDE-Version: É Vision V5.43.1.0
Copyright (C) 2025 ARM Ltd and ARM Germany GmbH. All rights reserved.
License Information: aoki yasunori
cormes
User-based license: Keil MDK STMicroelectronics Edition - Cortex-M0/M0+/M23
Valid until: Aug 10 2034. Cached until: Feb 24 2026
 
Tool Versions:
Toolchain:       Keil MDK STMicroelectronics Edition - Cortex-M0/M  Version: 5.43.0.0
Toolchain Path:  C:\Users\aokiy\AppData\Local\Keil_v5\ARM\ARMCLANG\Bin
C Compiler:      ArmClang.exe V6.24
Assembler:       Armasm.exe V6.24
Linker/Locator:  ArmLink.exe V6.24
Library Manager: ArmAr.exe V6.24
Hex Converter:   FromElf.exe V6.24
CPU DLL:         SARMCM3.DLL V5.43.0.0
Dialog DLL:      DARMCM1.DLL V1.19.6.0
Target DLL:      STLink\ST-LINKIII-KEIL_SWO.dll V3.3.1.0
Dialog DLL:      TARMCM1.DLL V1.14.6.0
 
<h2>Project:</h2>
C:\job\ST\v6161\Nucleo_F042K6_Pelco_PWM_Servo_RS485\MDK-ARM\Nucleo_F042K6_Pelco_PWM_Servo_RS485.uvprojx
Project File Date:  02/17/2026

<h2>Output:</h2>
*** Using Compiler 'V6.24', folder: 'C:\Users\aokiy\AppData\Local\Keil_v5\ARM\ARMCLANG\Bin'
Build target 'Nucleo_F042K6_Pelco_PWM_Servo_RS485'
compiling main.c...
linking...
Program Size: Code=18496 RO-data=280 RW-data=12 ZI-data=2508  
FromELF: creating hex file...
"Nucleo_F042K6_Pelco_PWM_Servo_RS485\Nucleo_F042K6_Pelco_PWM_Servo_RS485.axf" - 0 Error(s), 0 Warning(s).

<h2>Software Packages used:</h2>

Package Vendor: ARM
                https://www.keil.com/pack/ARM.CMSIS.6.2.0.pack
                ARM::CMSIS@6.2.0
                CMSIS (Common Microcontroller Software Interface Standard)
   * Component: CORE Version: 6.1.1

Package Vendor: Keil
                https://www.keil.com/pack/Keil.STM32F0xx_DFP.3.1.0.pack
                Keil::STM32F0xx_DFP@3.1.0
                STMicroelectronics STM32F0 Series Device Support

<h2>Collection of Component include folders:</h2>
  ./RTE/_Nucleo_F042K6_Pelco_PWM_Servo_RS485
  C:/Users/aokiy/AppData/Local/Arm/Packs/ARM/CMSIS/6.2.0/CMSIS/Core/Include

<h2>Collection of Component Files used:</h2>

   * Component: ARM::CMSIS:CORE@6.1.1
      Include file:  CMSIS/Core/Include/tz_context.h
Build Time Elapsed:  00:00:02
</pre>
</body>
</html>
